Archive member included because of file (symbol)

C:\Users\Heet\AppData\Local\arduino15\packages\arduino\hardware\sam\1.6.9\variants\arduino_due_x/libsam_sam3x8e_gcc_rel.a(pio.o)
                              C:\Users\Heet\AppData\Local\Temp\VMBuilds\Flash_Bitmap\arduino_due_x\Release\variant\variant.cpp.o (PIO_Configure)
C:\Users\Heet\AppData\Local\arduino15\packages\arduino\hardware\sam\1.6.9\variants\arduino_due_x/libsam_sam3x8e_gcc_rel.a(pmc.o)
                              C:\Users\Heet\AppData\Local\Temp\VMBuilds\Flash_Bitmap\arduino_due_x\Release\variant\variant.cpp.o (pmc_enable_periph_clk)
C:\Users\Heet\AppData\Local\arduino15\packages\arduino\hardware\sam\1.6.9\variants\arduino_due_x/libsam_sam3x8e_gcc_rel.a(system_sam3xa.o)
                              C:\Users\Heet\AppData\Local\Temp\VMBuilds\Flash_Bitmap\arduino_due_x\Release\variant\variant.cpp.o (SystemInit)
C:\Users\Heet\AppData\Local\arduino15\packages\arduino\hardware\sam\1.6.9\variants\arduino_due_x/libsam_sam3x8e_gcc_rel.a(startup_sam3xa.o)
                              (Reset_Handler)
C:\Users\Heet\AppData\Local\arduino15\packages\arduino\hardware\sam\1.6.9\variants\arduino_due_x/libsam_sam3x8e_gcc_rel.a(adc.o)
                              C:\Users\Heet\AppData\Local\Temp\VMBuilds\Flash_Bitmap\arduino_due_x\Release\variant\variant.cpp.o (adc_init)
C:\Users\Heet\AppData\Local\arduino15\packages\arduino\hardware\sam\1.6.9\variants\arduino_due_x/libsam_sam3x8e_gcc_rel.a(uotghs.o)
                              C:\Users\Heet\AppData\Local\arduino15\packages\arduino\hardware\sam\1.6.9\variants\arduino_due_x/libsam_sam3x8e_gcc_rel.a(startup_sam3xa.o) (UOTGHS_Handler)
C:\Users\Heet\AppData\Local\Temp\VMBuilds\Flash_Bitmap\arduino_due_x\Release/core.a(cortex_handlers.c.o)
                              C:\Users\Heet\AppData\Local\arduino15\packages\arduino\hardware\sam\1.6.9\variants\arduino_due_x/libsam_sam3x8e_gcc_rel.a(startup_sam3xa.o) (NMI_Handler)
C:\Users\Heet\AppData\Local\Temp\VMBuilds\Flash_Bitmap\arduino_due_x\Release/core.a(hooks.c.o)
                              C:\Users\Heet\AppData\Local\Temp\VMBuilds\Flash_Bitmap\arduino_due_x\Release/core.a(cortex_handlers.c.o) (sysTickHook)
C:\Users\Heet\AppData\Local\Temp\VMBuilds\Flash_Bitmap\arduino_due_x\Release/core.a(itoa.c.o)
                              C:\Users\Heet\AppData\Local\Temp\VMBuilds\Flash_Bitmap\arduino_due_x\Release\TFT_HX8357_Due-master\TFT_HX8357_Due.cpp.o (ltoa)
C:\Users\Heet\AppData\Local\Temp\VMBuilds\Flash_Bitmap\arduino_due_x\Release/core.a(syscalls_sam3.c.o)
                              (_sbrk)
C:\Users\Heet\AppData\Local\Temp\VMBuilds\Flash_Bitmap\arduino_due_x\Release/core.a(wiring.c.o)
                              C:\Users\Heet\AppData\Local\Temp\VMBuilds\Flash_Bitmap\arduino_due_x\Release\Keypad\Keypad.cpp.o (millis)
C:\Users\Heet\AppData\Local\Temp\VMBuilds\Flash_Bitmap\arduino_due_x\Release/core.a(wiring_analog.c.o)
                              C:\Users\Heet\AppData\Local\Temp\VMBuilds\Flash_Bitmap\arduino_due_x\Release\variant\variant.cpp.o (analogOutputInit)
C:\Users\Heet\AppData\Local\Temp\VMBuilds\Flash_Bitmap\arduino_due_x\Release/core.a(wiring_digital.c.o)
                              C:\Users\Heet\AppData\Local\Temp\VMBuilds\Flash_Bitmap\arduino_due_x\Release\Keypad\Keypad.cpp.o (pinMode)
C:\Users\Heet\AppData\Local\Temp\VMBuilds\Flash_Bitmap\arduino_due_x\Release/core.a(main.cpp.o)
                              c:/users/heet/appdata/local/arduino15/packages/arduino/tools/arm-none-eabi-gcc/4.8.3-2014q1/bin/../lib/gcc/arm-none-eabi/4.8.3/../../../../arm-none-eabi/lib/armv7-m/crt0.o (main)
C:\Users\Heet\AppData\Local\Temp\VMBuilds\Flash_Bitmap\arduino_due_x\Release/core.a(Print.cpp.o)
                              C:\Users\Heet\AppData\Local\Temp\VMBuilds\Flash_Bitmap\arduino_due_x\Release\TFT_HX8357_Due-master\TFT_HX8357_Due.cpp.o (Print::write(unsigned char const*, unsigned int))
C:\Users\Heet\AppData\Local\Temp\VMBuilds\Flash_Bitmap\arduino_due_x\Release/core.a(Reset.cpp.o)
                              C:\Users\Heet\AppData\Local\Temp\VMBuilds\Flash_Bitmap\arduino_due_x\Release/core.a(cortex_handlers.c.o) (tickReset)
C:\Users\Heet\AppData\Local\Temp\VMBuilds\Flash_Bitmap\arduino_due_x\Release/core.a(RingBuffer.cpp.o)
                              C:\Users\Heet\AppData\Local\Temp\VMBuilds\Flash_Bitmap\arduino_due_x\Release\variant\variant.cpp.o (RingBuffer::RingBuffer())
C:\Users\Heet\AppData\Local\Temp\VMBuilds\Flash_Bitmap\arduino_due_x\Release/core.a(UARTClass.cpp.o)
                              C:\Users\Heet\AppData\Local\Temp\VMBuilds\Flash_Bitmap\arduino_due_x\Release\variant\variant.cpp.o (UARTClass::available())
C:\Users\Heet\AppData\Local\Temp\VMBuilds\Flash_Bitmap\arduino_due_x\Release/core.a(USARTClass.cpp.o)
                              C:\Users\Heet\AppData\Local\Temp\VMBuilds\Flash_Bitmap\arduino_due_x\Release\variant\variant.cpp.o (USARTClass::USARTClass(Usart*, IRQn, unsigned long, RingBuffer*, RingBuffer*))
[...]
Memory Configuration

Name             Origin             Length             Attributes
rom              0x00080000         0x00080000         xr
sram0            0x20000000         0x00010000         xrw
sram1            0x20080000         0x00008000         xrw
ram              0x20070000         0x00018000         xrw
*default*        0x00000000         0xffffffff

Linker script and memory map

LOAD c:/users/heet/appdata/local/arduino15/packages/arduino/tools/arm-none-eabi-gcc/4.8.3-2014q1/bin/../lib/gcc/arm-none-eabi/4.8.3/armv7-m/crti.o
LOAD c:/users/heet/appdata/local/arduino15/packages/arduino/tools/arm-none-eabi-gcc/4.8.3-2014q1/bin/../lib/gcc/arm-none-eabi/4.8.3/armv7-m/crtbegin.o
LOAD c:/users/heet/appdata/local/arduino15/packages/arduino/tools/arm-none-eabi-gcc/4.8.3-2014q1/bin/../lib/gcc/arm-none-eabi/4.8.3/../../../../arm-none-eabi/lib/armv7-m/crt0.o
START GROUP
LOAD C:\Users\Heet\AppData\Local\Temp\VMBuilds\Flash_Bitmap\arduino_due_x\Release\Flash_Bitmap.cpp.o
LOAD C:\Users\Heet\AppData\Local\Temp\VMBuilds\Flash_Bitmap\arduino_due_x\Release\Keypad\Key.cpp.o
LOAD C:\Users\Heet\AppData\Local\Temp\VMBuilds\Flash_Bitmap\arduino_due_x\Release\Keypad\Keypad.cpp.o
LOAD C:\Users\Heet\AppData\Local\Temp\VMBuilds\Flash_Bitmap\arduino_due_x\Release\TFT_HX8357_Due-master\TFT_HX8357_Due.cpp.o
LOAD C:\Users\Heet\AppData\Local\Temp\VMBuilds\Flash_Bitmap\arduino_due_x\Release\variant\variant.cpp.o
LOAD C:\Users\Heet\AppData\Local\arduino15\packages\arduino\hardware\sam\1.6.9\variants\arduino_due_x/libsam_sam3x8e_gcc_rel.a
LOAD C:\Users\Heet\AppData\Local\Temp\VMBuilds\Flash_Bitmap\arduino_due_x\Release/core.a
END GROUP
LOAD c:/users/heet/appdata/local/arduino15/packages/arduino/tools/arm-none-eabi-gcc/4.8.3-2014q1/bin/../lib/gcc/arm-none-eabi/4.8.3/../../../../arm-none-eabi/lib/armv7-m\libm.a
START GROUP
LOAD c:/users/heet/appdata/local/arduino15/packages/arduino/tools/arm-none-eabi-gcc/4.8.3-2014q1/bin/../lib/gcc/arm-none-eabi/4.8.3/armv7-m\libgcc.a
LOAD c:/users/heet/appdata/local/arduino15/packages/arduino/tools/arm-none-eabi-gcc/4.8.3-2014q1/bin/../lib/gcc/arm-none-eabi/4.8.3/../../../../arm-none-eabi/lib/armv7-m\libg.a
LOAD c:/users/heet/appdata/local/arduino15/packages/arduino/tools/arm-none-eabi-gcc/4.8.3-2014q1/bin/../lib/gcc/arm-none-eabi/4.8.3/../../../../arm-none-eabi/lib/armv7-m\libc.a
END GROUP
LOAD c:/users/heet/appdata/local/arduino15/packages/arduino/tools/arm-none-eabi-gcc/4.8.3-2014q1/bin/../lib/gcc/arm-none-eabi/4.8.3/armv7-m/crtend.o
LOAD c:/users/heet/appdata/local/arduino15/packages/arduino/tools/arm-none-eabi-gcc/4.8.3-2014q1/bin/../lib/gcc/arm-none-eabi/4.8.3/armv7-m/crtn.o

.text           0x00080000    0x13dd0
                0x00080000                . = ALIGN (0x4)
                0x00080000                _sfixed = .
 *(.vectors .vectors.*)
 .vectors       0x00080000       0xf4 C:\Users\Heet\AppData\Local\arduino15\packages\arduino\hardware\sam\1.6.9\variants\arduino_due_x/libsam_sam3x8e_gcc_rel.a(startup_sam3xa.o)
                0x00080000                exception_table
 *(.text .text.* .gnu.linkonce.t.*)
 .text          0x000800f4       0x54 c:/users/heet/appdata/local/arduino15/packages/arduino/tools/arm-none-eabi-gcc/4.8.3-2014q1/bin/../lib/gcc/arm-none-eabi/4.8.3/armv7-m/crtbegin.o
 .text._Z8drawIconPKtssaa
                0x00080148       0x90 C:\Users\Heet\AppData\Local\Temp\VMBuilds\Flash_Bitmap\arduino_due_x\Release\Flash_Bitmap.cpp.o
                0x00080148                drawIcon(unsigned short const*, short, short, signed char, signed char)
 .text.loop     0x000801d8      0x380 C:\Users\Heet\AppData\Local\Temp\VMBuilds\Flash_Bitmap\arduino_due_x\Release\Flash_Bitmap.cpp.o
                0x000801d8                loop
 .text.startup._GLOBAL__sub_I_tft
                0x00080558       0x3c C:\Users\Heet\AppData\Local\Temp\VMBuilds\Flash_Bitmap\arduino_due_x\Release\Flash_Bitmap.cpp.o
 .text.setup    0x00080594       0x28 C:\Users\Heet\AppData\Local\Temp\VMBuilds\Flash_Bitmap\arduino_due_x\Release\Flash_Bitmap.cpp.o
                0x00080594                setup
 .text._ZN3KeyC2Ev
                0x000805bc        0xa C:\Users\Heet\AppData\Local\Temp\VMBuilds\Flash_Bitmap\arduino_due_x\Release\Keypad\Key.cpp.o
                0x000805bc                Key::Key()
                0x000805bc                Key::Key()
 .text._ZN6Keypad8pin_modeEhh
                0x000805c6        0x8 C:\Users\Heet\AppData\Local\Temp\VMBuilds\Flash_Bitmap\arduino_due_x\Release\Keypad\Keypad.cpp.o
                0x000805c6                Keypad::pin_mode(unsigned char, unsigned char)
 .text._ZN6Keypad9pin_writeEhb
                0x000805ce        0x8 C:\Users\Heet\AppData\Local\Temp\VMBuilds\Flash_Bitmap\arduino_due_x\Release\Keypad\Keypad.cpp.o
                0x000805ce                Keypad::pin_write(unsigned char, bool)
 .text._ZN6Keypad8pin_readEh
                0x000805d6        0x6 C:\Users\Heet\AppData\Local\Temp\VMBuilds\Flash_Bitmap\arduino_due_x\Release\Keypad\Keypad.cpp.o
                0x000805d6                Keypad::pin_read(unsigned char)
 .text._ZN6KeypadC2EPcPhS1_hh
                0x000805dc       0x6c C:\Users\Heet\AppData\Local\Temp\VMBuilds\Flash_Bitmap\arduino_due_x\Release\Keypad\Keypad.cpp.o
                0x000805dc                Keypad::Keypad(char*, unsigned char*, unsigned char*, unsigned char, unsigned char)
                0x000805dc                Keypad::Keypad(char*, unsigned char*, unsigned char*, unsigned char, unsigned char)
 .text._ZN6Keypad8scanKeysEv
                0x00080648       0xbe C:\Users\Heet\AppData\Local\Temp\VMBuilds\Flash_Bitmap\arduino_due_x\Release\Keypad\Keypad.cpp.o
                0x00080648                Keypad::scanKeys()
 .text._ZN6Keypad10findInListEi
                0x00080706       0x1e C:\Users\Heet\AppData\Local\Temp\VMBuilds\Flash_Bitmap\arduino_due_x\Release\Keypad\Keypad.cpp.o
                0x00080706                Keypad::findInList(int)
 .text._ZN6Keypad12transitionToEh8KeyState
                0x00080724       0x30 C:\Users\Heet\AppData\Local\Temp\VMBuilds\Flash_Bitmap\arduino_due_x\Release\Keypad\Keypad.cpp.o
                0x00080724                Keypad::transitionTo(unsigned char, KeyState)
 .text._ZN6Keypad12nextKeyStateEhb
                0x00080754       0x6c C:\Users\Heet\AppData\Local\Temp\VMBuilds\Flash_Bitmap\arduino_due_x\Release\Keypad\Keypad.cpp.o
                0x00080754                Keypad::nextKeyState(unsigned char, bool)
 .text._ZN6Keypad10updateListEv
                0x000807c0       0xc6 C:\Users\Heet\AppData\Local\Temp\VMBuilds\Flash_Bitmap\arduino_due_x\Release\Keypad\Keypad.cpp.o
                0x000807c0                Keypad::updateList()
 .text._ZN6Keypad7getKeysEv
                0x00080886       0x34 C:\Users\Heet\AppData\Local\Temp\VMBuilds\Flash_Bitmap\arduino_due_x\Release\Keypad\Keypad.cpp.o
                0x00080886                Keypad::getKeys()
 .text._ZN6Keypad6getKeyEv
                0x000808ba       0x2c C:\Users\Heet\AppData\Local\Temp\VMBuilds\Flash_Bitmap\arduino_due_x\Release\Keypad\Keypad.cpp.o
                0x000808ba                Keypad::getKey()
 *fill*         0x000808e6        0x2 
 .text._ZN14TFT_HX8357_DueC2Ess
                0x000808e8      0x154 C:\Users\Heet\AppData\Local\Temp\VMBuilds\Flash_Bitmap\arduino_due_x\Release\TFT_HX8357_Due-master\TFT_HX8357_Due.cpp.o
                0x000808e8                TFT_HX8357_Due::TFT_HX8357_Due(short, short)
                0x000808e8                TFT_HX8357_Due::TFT_HX8357_Due(short, short)
 .text._ZN14TFT_HX8357_Due9setCursorEss
                0x00080a3c        0x6 C:\Users\Heet\AppData\Local\Temp\VMBuilds\Flash_Bitmap\arduino_due_x\Release\TFT_HX8357_Due-master\TFT_HX8357_Due.cpp.o
                0x00080a3c                TFT_HX8357_Due::setCursor(short, short)
 .text._ZN14TFT_HX8357_Due12setTextDatumEh
                0x00080a42        0x6 C:\Users\Heet\AppData\Local\Temp\VMBuilds\Flash_Bitmap\arduino_due_x\Release\TFT_HX8357_Due-master\TFT_HX8357_Due.cpp.o
                0x00080a42                TFT_HX8357_Due::setTextDatum(unsigned char)
 .text._ZN14TFT_HX8357_Due5widthEv
                0x00080a48        0x6 C:\Users\Heet\AppData\Local\Temp\VMBuilds\Flash_Bitmap\arduino_due_x\Release\TFT_HX8357_Due-master\TFT_HX8357_Due.cpp.o
                0x00080a48                TFT_HX8357_Due::width()
 .text._ZN14TFT_HX8357_Due6heightEv
                0x00080a4e        0x6 C:\Users\Heet\AppData\Local\Temp\VMBuilds\Flash_Bitmap\arduino_due_x\Release\TFT_HX8357_Due-master\TFT_HX8357_Due.cpp.o
                0x00080a4e                TFT_HX8357_Due::height()
 .text._ZN14TFT_HX8357_Due9textWidthEPcs
                0x00080a54       0xa0 C:\Users\Heet\AppData\Local\Temp\VMBuilds\Flash_Bitmap\arduino_due_x\Release\TFT_HX8357_Due-master\TFT_HX8357_Due.cpp.o
                0x00080a54                TFT_HX8357_Due::textWidth(char*, short)
 .text._ZN14TFT_HX8357_Due10fontHeightEs
                0x00080af4       0x38 C:\Users\Heet\AppData\Local\Temp\VMBuilds\Flash_Bitmap\arduino_due_x\Release\TFT_HX8357_Due-master\TFT_HX8357_Due.cpp.o
                0x00080af4                TFT_HX8357_Due::fontHeight(short)
 .text._ZN14TFT_HX8357_Due11setFreeFontEPK7GFXfontPKhPK8GFXglyph
                0x00080b2c       0x3a C:\Users\Heet\AppData\Local\Temp\VMBuilds\Flash_Bitmap\arduino_due_x\Release\TFT_HX8357_Due-master\TFT_HX8357_Due.cpp.o
                0x00080b2c                TFT_HX8357_Due::setFreeFont(GFXfont const*, unsigned char const*, GFXglyph const*)
 *fill*         0x00080b66        0x2 
 .text._ZN14TFT_HX8357_Due7write16Et
                0x00080b68       0xe4 C:\Users\Heet\AppData\Local\Temp\VMBuilds\Flash_Bitmap\arduino_due_x\Release\TFT_HX8357_Due-master\TFT_HX8357_Due.cpp.o
                0x00080b68                TFT_HX8357_Due::write16(unsigned short)
 .text._ZN14TFT_HX8357_Due12writecommandEh
                0x00080c4c       0x2c C:\Users\Heet\AppData\Local\Temp\VMBuilds\Flash_Bitmap\arduino_due_x\Release\TFT_HX8357_Due-master\TFT_HX8357_Due.cpp.o
                0x00080c4c                TFT_HX8357_Due::writecommand(unsigned char)
 .text._ZN14TFT_HX8357_Due9writedataEh
                0x00080c78       0x28 C:\Users\Heet\AppData\Local\Temp\VMBuilds\Flash_Bitmap\arduino_due_x\Release\TFT_HX8357_Due-master\TFT_HX8357_Due.cpp.o
                0x00080c78                TFT_HX8357_Due::writedata(unsigned char)
 .text._ZN14TFT_HX8357_Due4initEv
                0x00080ca0      0x274 C:\Users\Heet\AppData\Local\Temp\VMBuilds\Flash_Bitmap\arduino_due_x\Release\TFT_HX8357_Due-master\TFT_HX8357_Due.cpp.o
                0x00080ca0                TFT_HX8357_Due::init()
 .text._ZN14TFT_HX8357_Due5beginEv
                0x00080f14        0x4 C:\Users\Heet\AppData\Local\Temp\VMBuilds\Flash_Bitmap\arduino_due_x\Release\TFT_HX8357_Due-master\TFT_HX8357_Due.cpp.o
                0x00080f14                TFT_HX8357_Due::begin()
 .text._ZN14TFT_HX8357_Due11setRotationEh
                0x00080f18       0x50 C:\Users\Heet\AppData\Local\Temp\VMBuilds\Flash_Bitmap\arduino_due_x\Release\TFT_HX8357_Due-master\TFT_HX8357_Due.cpp.o
                0x00080f18                TFT_HX8357_Due::setRotation(unsigned char)
 .text._ZN14TFT_HX8357_Due7lo_byteEt
                0x00080f68       0x7c C:\Users\Heet\AppData\Local\Temp\VMBuilds\Flash_Bitmap\arduino_due_x\Release\TFT_HX8357_Due-master\TFT_HX8357_Due.cpp.o
                0x00080f68                TFT_HX8357_Due::lo_byte(unsigned short)
 .text._ZN14TFT_HX8357_Due9plo_byte1Et
                0x00080fe4       0x62 C:\Users\Heet\AppData\Local\Temp\VMBuilds\Flash_Bitmap\arduino_due_x\Release\TFT_HX8357_Due-master\TFT_HX8357_Due.cpp.o
                0x00080fe4                TFT_HX8357_Due::plo_byte1(unsigned short)
 .text._ZN14TFT_HX8357_Due9plo_byte2Et
                0x00081046       0x62 C:\Users\Heet\AppData\Local\Temp\VMBuilds\Flash_Bitmap\arduino_due_x\Release\TFT_HX8357_Due-master\TFT_HX8357_Due.cpp.o
                0x00081046                TFT_HX8357_Due::plo_byte2(unsigned short)
 .text._ZN14TFT_HX8357_Due8lo_byte1Ev
                0x000810a8       0x34 C:\Users\Heet\AppData\Local\Temp\VMBuilds\Flash_Bitmap\arduino_due_x\Release\TFT_HX8357_Due-master\TFT_HX8357_Due.cpp.o
                0x000810a8                TFT_HX8357_Due::lo_byte1()
 .text._ZN14TFT_HX8357_Due8lo_byte2Ev
                0x000810dc       0x34 C:\Users\Heet\AppData\Local\Temp\VMBuilds\Flash_Bitmap\arduino_due_x\Release\TFT_HX8357_Due-master\TFT_HX8357_Due.cpp.o
                0x000810dc                TFT_HX8357_Due::lo_byte2()
 .text._ZN14TFT_HX8357_Due7fgColorEt
                0x00081110       0xc2 C:\Users\Heet\AppData\Local\Temp\VMBuilds\Flash_Bitmap\arduino_due_x\Release\TFT_HX8357_Due-master\TFT_HX8357_Due.cpp.o
                0x00081110                TFT_HX8357_Due::fgColor(unsigned short)
 .text._ZN14TFT_HX8357_Due7bgColorEt
                0x000811d2       0xc2 C:\Users\Heet\AppData\Local\Temp\VMBuilds\Flash_Bitmap\arduino_due_x\Release\TFT_HX8357_Due-master\TFT_HX8357_Due.cpp.o
                0x000811d2                TFT_HX8357_Due::bgColor(unsigned short)
 .text._ZN14TFT_HX8357_Due12setTextColorEtt
                0x00081294       0x1a C:\Users\Heet\AppData\Local\Temp\VMBuilds\Flash_Bitmap\arduino_due_x\Release\TFT_HX8357_Due-master\TFT_HX8357_Due.cpp.o
                0x00081294                TFT_HX8357_Due::setTextColor(unsigned short, unsigned short)
 *fill*         0x000812ae        0x2 
 .text._ZN14TFT_HX8357_Due5casetEv
                0x000812b0       0x38 C:\Users\Heet\AppData\Local\Temp\VMBuilds\Flash_Bitmap\arduino_due_x\Release\TFT_HX8357_Due-master\TFT_HX8357_Due.cpp.o
                0x000812b0                TFT_HX8357_Due::caset()
 .text._ZN14TFT_HX8357_Due5pasetEv
                0x000812e8       0x38 C:\Users\Heet\AppData\Local\Temp\VMBuilds\Flash_Bitmap\arduino_due_x\Release\TFT_HX8357_Due-master\TFT_HX8357_Due.cpp.o
                0x000812e8                TFT_HX8357_Due::paset()
 .text._ZN14TFT_HX8357_Due5ramwrEv
                0x00081320       0x38 C:\Users\Heet\AppData\Local\Temp\VMBuilds\Flash_Bitmap\arduino_due_x\Release\TFT_HX8357_Due-master\TFT_HX8357_Due.cpp.o
                0x00081320                TFT_HX8357_Due::ramwr()
 .text._ZN14TFT_HX8357_Due13setAddrWindowEtttt
                0x00081358       0xc4 C:\Users\Heet\AppData\Local\Temp\VMBuilds\Flash_Bitmap\arduino_due_x\Release\TFT_HX8357_Due-master\TFT_HX8357_Due.cpp.o
                0x00081358                TFT_HX8357_Due::setAddrWindow(unsigned short, unsigned short, unsigned short, unsigned short)
 .text._ZN14TFT_HX8357_Due9setWindowEssss
                0x0008141c       0x24 C:\Users\Heet\AppData\Local\Temp\VMBuilds\Flash_Bitmap\arduino_due_x\Release\TFT_HX8357_Due-master\TFT_HX8357_Due.cpp.o
                0x0008141c                TFT_HX8357_Due::setWindow(short, short, short, short)
 .text._ZN14TFT_HX8357_Due7fgWriteEv
                0x00081440       0x54 C:\Users\Heet\AppData\Local\Temp\VMBuilds\Flash_Bitmap\arduino_due_x\Release\TFT_HX8357_Due-master\TFT_HX8357_Due.cpp.o
                0x00081440                TFT_HX8357_Due::fgWrite()
 .text._ZN14TFT_HX8357_Due9drawPixelEttt
                0x00081494       0xdc C:\Users\Heet\AppData\Local\Temp\VMBuilds\Flash_Bitmap\arduino_due_x\Release\TFT_HX8357_Due-master\TFT_HX8357_Due.cpp.o
                0x00081494                TFT_HX8357_Due::drawPixel(unsigned short, unsigned short, unsigned short)
 .text._ZN14TFT_HX8357_Due16drawCircleHelperEsssht
                0x00081570      0x1a4 C:\Users\Heet\AppData\Local\Temp\VMBuilds\Flash_Bitmap\arduino_due_x\Release\TFT_HX8357_Due-master\TFT_HX8357_Due.cpp.o
                0x00081570                TFT_HX8357_Due::drawCircleHelper(short, short, short, unsigned char, unsigned short)
 .text._ZN14TFT_HX8357_Due10pushColorsEPth
                0x00081714       0x54 C:\Users\Heet\AppData\Local\Temp\VMBuilds\Flash_Bitmap\arduino_due_x\Release\TFT_HX8357_Due-master\TFT_HX8357_Due.cpp.o
                0x00081714                TFT_HX8357_Due::pushColors(unsigned short*, unsigned char)
 .text._ZN14TFT_HX8357_Due13drawFastVLineEssst
                0x00081768      0x1b4 C:\Users\Heet\AppData\Local\Temp\VMBuilds\Flash_Bitmap\arduino_due_x\Release\TFT_HX8357_Due-master\TFT_HX8357_Due.cpp.o
                0x00081768                TFT_HX8357_Due::drawFastVLine(short, short, short, unsigned short)
 .text._ZN14TFT_HX8357_Due13drawFastHLineEssst
                0x0008191c      0x1b4 C:\Users\Heet\AppData\Local\Temp\VMBuilds\Flash_Bitmap\arduino_due_x\Release\TFT_HX8357_Due-master\TFT_HX8357_Due.cpp.o
                0x0008191c                TFT_HX8357_Due::drawFastHLine(short, short, short, unsigned short)
 .text._ZN14TFT_HX8357_Due13drawRoundRectEssssst
                0x00081ad0      0x10c C:\Users\Heet\AppData\Local\Temp\VMBuilds\Flash_Bitmap\arduino_due_x\Release\TFT_HX8357_Due-master\TFT_HX8357_Due.cpp.o
                0x00081ad0                TFT_HX8357_Due::drawRoundRect(short, short, short, short, short, unsigned short)
 .text._ZN14TFT_HX8357_Due8fillRectEsssst
                0x00081bdc      0x2d4 C:\Users\Heet\AppData\Local\Temp\VMBuilds\Flash_Bitmap\arduino_due_x\Release\TFT_HX8357_Due-master\TFT_HX8357_Due.cpp.o
                0x00081bdc                TFT_HX8357_Due::fillRect(short, short, short, short, unsigned short)
 .text._ZN14TFT_HX8357_Due10fillScreenEt
                0x00081eb0       0x1c C:\Users\Heet\AppData\Local\Temp\VMBuilds\Flash_Bitmap\arduino_due_x\Release\TFT_HX8357_Due-master\TFT_HX8357_Due.cpp.o
                0x00081eb0                TFT_HX8357_Due::fillScreen(unsigned short)
 .text._ZN14TFT_HX8357_Due7bgWriteEv
                0x00081ecc       0x54 C:\Users\Heet\AppData\Local\Temp\VMBuilds\Flash_Bitmap\arduino_due_x\Release\TFT_HX8357_Due-master\TFT_HX8357_Due.cpp.o
                0x00081ecc                TFT_HX8357_Due::bgWrite()
 .text._ZN14TFT_HX8357_Due8drawCharEsshtth
                0x00081f20      0x3a4 C:\Users\Heet\AppData\Local\Temp\VMBuilds\Flash_Bitmap\arduino_due_x\Release\TFT_HX8357_Due-master\TFT_HX8357_Due.cpp.o
                0x00081f20                TFT_HX8357_Due::drawChar(short, short, unsigned char, unsigned short, unsigned short, unsigned char)
 .text._ZN14TFT_HX8357_Due8drawCharEtsss
                0x000822c4      0x6d4 C:\Users\Heet\AppData\Local\Temp\VMBuilds\Flash_Bitmap\arduino_due_x\Release\TFT_HX8357_Due-master\TFT_HX8357_Due.cpp.o
                0x000822c4                TFT_HX8357_Due::drawChar(unsigned short, short, short, short)
 .text._ZN14TFT_HX8357_Due5writeEh
                0x00082998      0x170 C:\Users\Heet\AppData\Local\Temp\VMBuilds\Flash_Bitmap\arduino_due_x\Release\TFT_HX8357_Due-master\TFT_HX8357_Due.cpp.o
                0x00082998                TFT_HX8357_Due::write(unsigned char)
 .text._ZN14TFT_HX8357_Due10drawStringEPcsss
                0x00082b08      0x294 C:\Users\Heet\AppData\Local\Temp\VMBuilds\Flash_Bitmap\arduino_due_x\Release\TFT_HX8357_Due-master\TFT_HX8357_Due.cpp.o
                0x00082b08                TFT_HX8357_Due::drawString(char*, short, short, short)
 .text._Z11serialEventv
                0x00082d9c        0x2 C:\Users\Heet\AppData\Local\Temp\VMBuilds\Flash_Bitmap\arduino_due_x\Release\variant\variant.cpp.o
                0x00082d9c                serialEvent()
 *fill*         0x00082d9e        0x2 
 .text.UART_Handler
                0x00082da0        0xc C:\Users\Heet\AppData\Local\Temp\VMBuilds\Flash_Bitmap\arduino_due_x\Release\variant\variant.cpp.o
                0x00082da0                UART_Handler
 .text._Z12serialEvent1v
                0x00082dac        0x2 C:\Users\Heet\AppData\Local\Temp\VMBuilds\Flash_Bitmap\arduino_due_x\Release\variant\variant.cpp.o
                0x00082dac                serialEvent1()
 .text._Z12serialEvent2v
                0x00082dae        0x2 C:\Users\Heet\AppData\Local\Temp\VMBuilds\Flash_Bitmap\arduino_due_x\Release\variant\variant.cpp.o
                0x00082dae                serialEvent2()
 .text._Z12serialEvent3v
                0x00082db0        0x2 C:\Users\Heet\AppData\Local\Temp\VMBuilds\Flash_Bitmap\arduino_due_x\Release\variant\variant.cpp.o
                0x00082db0                serialEvent3()
 *fill*         0x00082db2        0x2 
 .text.USART0_Handler
                0x00082db4        0xc C:\Users\Heet\AppData\Local\Temp\VMBuilds\Flash_Bitmap\arduino_due_x\Release\variant\variant.cpp.o
                0x00082db4                USART0_Handler
 .text.USART1_Handler
                0x00082dc0        0xc C:\Users\Heet\AppData\Local\Temp\VMBuilds\Flash_Bitmap\arduino_due_x\Release\variant\variant.cpp.o
                0x00082dc0                USART1_Handler
 .text.USART3_Handler
                0x00082dcc        0xc C:\Users\Heet\AppData\Local\Temp\VMBuilds\Flash_Bitmap\arduino_due_x\Release\variant\variant.cpp.o
                0x00082dcc                USART3_Handler
 .text.init     0x00082dd8      0x128 C:\Users\Heet\AppData\Local\Temp\VMBuilds\Flash_Bitmap\arduino_due_x\Release\variant\variant.cpp.o
                0x00082dd8                init
 .text.startup._GLOBAL__sub_I_g_APinDescription
                0x00082f00       0xd4 C:\Users\Heet\AppData\Local\Temp\VMBuilds\Flash_Bitmap\arduino_due_x\Release\variant\variant.cpp.o
 .text._Z14serialEventRunv
                0x00082fd4       0x44 C:\Users\Heet\AppData\Local\Temp\VMBuilds\Flash_Bitmap\arduino_due_x\Release\variant\variant.cpp.o
                0x00082fd4                serialEventRun()
 .text.PIO_PullUp
                0x00083018        0xa C:\Users\Heet\AppData\Local\arduino15\packages\arduino\hardware\sam\1.6.9\variants\arduino_due_x/libsam_sam3x8e_gcc_rel.a(pio.o)
                0x00083018                PIO_PullUp
 .text.PIO_Get  0x00083022       0x14 C:\Users\Heet\AppData\Local\arduino15\packages\arduino\hardware\sam\1.6.9\variants\arduino_due_x/libsam_sam3x8e_gcc_rel.a(pio.o)
                0x00083022                PIO_Get
 .text.PIO_SetPeripheral
                0x00083036       0x26 C:\Users\Heet\AppData\Local\arduino15\packages\arduino\hardware\sam\1.6.9\variants\arduino_due_x/libsam_sam3x8e_gcc_rel.a(pio.o)
                0x00083036                PIO_SetPeripheral
 .text.PIO_SetInput
                0x0008305c       0x26 C:\Users\Heet\AppData\Local\arduino15\packages\arduino\hardware\sam\1.6.9\variants\arduino_due_x/libsam_sam3x8e_gcc_rel.a(pio.o)
                0x0008305c                PIO_SetInput
 .text.PIO_SetOutput
                0x00083082       0x24 C:\Users\Heet\AppData\Local\arduino15\packages\arduino\hardware\sam\1.6.9\variants\arduino_due_x/libsam_sam3x8e_gcc_rel.a(pio.o)
                0x00083082                PIO_SetOutput
 *fill*         0x000830a6        0x2 
 .text.PIO_Configure
                0x000830a8       0x64 C:\Users\Heet\AppData\Local\arduino15\packages\arduino\hardware\sam\1.6.9\variants\arduino_due_x/libsam_sam3x8e_gcc_rel.a(pio.o)
                0x000830a8                PIO_Configure
 .text.PIO_GetOutputDataStatus
                0x0008310c       0x14 C:\Users\Heet\AppData\Local\arduino15\packages\arduino\hardware\sam\1.6.9\variants\arduino_due_x/libsam_sam3x8e_gcc_rel.a(pio.o)
                0x0008310c                PIO_GetOutputDataStatus
 .text.pmc_enable_upll_clock
                0x00083120       0x14 C:\Users\Heet\AppData\Local\arduino15\packages\arduino\hardware\sam\1.6.9\variants\arduino_due_x/libsam_sam3x8e_gcc_rel.a(pmc.o)
                0x00083120                pmc_enable_upll_clock
 .text.pmc_enable_periph_clk
                0x00083134       0x44 C:\Users\Heet\AppData\Local\arduino15\packages\arduino\hardware\sam\1.6.9\variants\arduino_due_x/libsam_sam3x8e_gcc_rel.a(pmc.o)
                0x00083134                pmc_enable_periph_clk
 .text.pmc_disable_periph_clk
                0x00083178       0x40 C:\Users\Heet\AppData\Local\arduino15\packages\arduino\hardware\sam\1.6.9\variants\arduino_due_x/libsam_sam3x8e_gcc_rel.a(pmc.o)
                0x00083178                pmc_disable_periph_clk
 .text.pmc_switch_udpck_to_upllck
                0x000831b8       0x14 C:\Users\Heet\AppData\Local\arduino15\packages\arduino\hardware\sam\1.6.9\variants\arduino_due_x/libsam_sam3x8e_gcc_rel.a(pmc.o)
                0x000831b8                pmc_switch_udpck_to_upllck
 .text.pmc_enable_udpck
                0x000831cc        0xc C:\Users\Heet\AppData\Local\arduino15\packages\arduino\hardware\sam\1.6.9\variants\arduino_due_x/libsam_sam3x8e_gcc_rel.a(pmc.o)
                0x000831cc                pmc_enable_udpck
 .text.SystemInit
                0x000831d8       0x88 C:\Users\Heet\AppData\Local\arduino15\packages\arduino\hardware\sam\1.6.9\variants\arduino_due_x/libsam_sam3x8e_gcc_rel.a(system_sam3xa.o)
                0x000831d8                SystemInit
 .text.Reset_Handler
                0x00083260       0x78 C:\Users\Heet\AppData\Local\arduino15\packages\arduino\hardware\sam\1.6.9\variants\arduino_due_x/libsam_sam3x8e_gcc_rel.a(startup_sam3xa.o)
                0x00083260                Reset_Handler
 .text.adc_init
                0x000832d8       0x98 C:\Users\Heet\AppData\Local\arduino15\packages\arduino\hardware\sam\1.6.9\variants\arduino_due_x/libsam_sam3x8e_gcc_rel.a(adc.o)
                0x000832d8                adc_init
 .text.adc_configure_trigger
                0x00083370        0xe C:\Users\Heet\AppData\Local\arduino15\packages\arduino\hardware\sam\1.6.9\variants\arduino_due_x/libsam_sam3x8e_gcc_rel.a(adc.o)
                0x00083370                adc_configure_trigger
 .text.adc_configure_timing
                0x0008337e       0x1a C:\Users\Heet\AppData\Local\arduino15\packages\arduino\hardware\sam\1.6.9\variants\arduino_due_x/libsam_sam3x8e_gcc_rel.a(adc.o)
                0x0008337e                adc_configure_timing
 .text.adc_disable_channel
                0x00083398        0xa C:\Users\Heet\AppData\Local\arduino15\packages\arduino\hardware\sam\1.6.9\variants\arduino_due_x/libsam_sam3x8e_gcc_rel.a(adc.o)
                0x00083398                adc_disable_channel
 .text.adc_disable_all_channel
                0x000833a2        0x8 C:\Users\Heet\AppData\Local\arduino15\packages\arduino\hardware\sam\1.6.9\variants\arduino_due_x/libsam_sam3x8e_gcc_rel.a(adc.o)
                0x000833a2                adc_disable_all_channel
 .text.adc_disable_interrupt
                0x000833aa        0x4 C:\Users\Heet\AppData\Local\arduino15\packages\arduino\hardware\sam\1.6.9\variants\arduino_due_x/libsam_sam3x8e_gcc_rel.a(adc.o)
                0x000833aa                adc_disable_interrupt
 *fill*         0x000833ae        0x2 
 .text.UOTGHS_Handler
                0x000833b0       0x10 C:\Users\Heet\AppData\Local\arduino15\packages\arduino\hardware\sam\1.6.9\variants\arduino_due_x/libsam_sam3x8e_gcc_rel.a(uotghs.o)
                0x000833b0                UOTGHS_Handler
 .text.__halt   0x000833c0        0x2 C:\Users\Heet\AppData\Local\Temp\VMBuilds\Flash_Bitmap\arduino_due_x\Release/core.a(cortex_handlers.c.o)
                0x000833c0                DACC_Handler
                0x000833c0                DebugMon_Handler
                0x000833c0                DMAC_Handler
                0x000833c0                TRNG_Handler
                0x000833c0                HardFault_Handler
                0x000833c0                TC2_Handler
                0x000833c0                TWI1_Handler
                0x000833c0                NMI_Handler
                0x000833c0                TC7_Handler
                0x000833c0                ADC_Handler
                0x000833c0                SMC_Handler
                0x000833c0                RTT_Handler
                0x000833c0                EFC1_Handler
                0x000833c0                PIOB_Handler
                0x000833c0                RTC_Handler
                0x000833c0                UsageFault_Handler
                0x000833c0                TC6_Handler
                0x000833c0                WDT_Handler
                0x000833c0                CAN0_Handler
                0x000833c0                TC4_Handler
                0x000833c0                TC1_Handler
                0x000833c0                HSMCI_Handler
                0x000833c0                TC3_Handler
                0x000833c0                TWI0_Handler
                0x000833c0                PIOA_Handler
                0x000833c0                SSC_Handler
                0x000833c0                EFC0_Handler
                0x000833c0                PMC_Handler
                0x000833c0                PWM_Handler
                0x000833c0                CAN1_Handler
                0x000833c0                MemManage_Handler
                0x000833c0                SUPC_Handler
                0x000833c0                TC8_Handler
                0x000833c0                USART2_Handler
                0x000833c0                PIOD_Handler
                0x000833c0                EMAC_Handler
                0x000833c0                PIOC_Handler
                0x000833c0                BusFault_Handler
                0x000833c0                RSTC_Handler
                0x000833c0                TC0_Handler
                0x000833c0                TC5_Handler
                0x000833c0                SPI0_Handler
 .text.SVC_Handler
                0x000833c2        0x4 C:\Users\Heet\AppData\Local\Temp\VMBuilds\Flash_Bitmap\arduino_due_x\Release/core.a(cortex_handlers.c.o)
                0x000833c2                SVC_Handler
 .text.PendSV_Handler
                0x000833c6        0x4 C:\Users\Heet\AppData\Local\Temp\VMBuilds\Flash_Bitmap\arduino_due_x\Release/core.a(cortex_handlers.c.o)
                0x000833c6                PendSV_Handler
 .text.SysTick_Handler
                0x000833ca       0x16 C:\Users\Heet\AppData\Local\Temp\VMBuilds\Flash_Bitmap\arduino_due_x\Release/core.a(cortex_handlers.c.o)
                0x000833ca                SysTick_Handler
 .text.__empty  0x000833e0        0x2 C:\Users\Heet\AppData\Local\Temp\VMBuilds\Flash_Bitmap\arduino_due_x\Release/core.a(hooks.c.o)
                0x000833e0                yield
 .text.__false  0x000833e2        0x4 C:\Users\Heet\AppData\Local\Temp\VMBuilds\Flash_Bitmap\arduino_due_x\Release/core.a(hooks.c.o)
                0x000833e2                sysTickHook
 .text.__halt   0x000833e6        0x2 C:\Users\Heet\AppData\Local\Temp\VMBuilds\Flash_Bitmap\arduino_due_x\Release/core.a(hooks.c.o)
                0x000833e6                svcHook
                0x000833e6                pendSVHook
 .text._sbrk    0x000833e8       0x1c C:\Users\Heet\AppData\Local\Temp\VMBuilds\Flash_Bitmap\arduino_due_x\Release/core.a(syscalls_sam3.c.o)
                0x000833e8                _sbrk
 .text.link     0x00083404        0x6 C:\Users\Heet\AppData\Local\Temp\VMBuilds\Flash_Bitmap\arduino_due_x\Release/core.a(syscalls_sam3.c.o)
                0x00083404                link
 .text._close   0x0008340a        0x6 C:\Users\Heet\AppData\Local\Temp\VMBuilds\Flash_Bitmap\arduino_due_x\Release/core.a(syscalls_sam3.c.o)
                0x0008340a                _close
 .text._fstat   0x00083410        0xa C:\Users\Heet\AppData\Local\Temp\VMBuilds\Flash_Bitmap\arduino_due_x\Release/core.a(syscalls_sam3.c.o)
                0x00083410                _fstat
 .text._isatty  0x0008341a        0x4 C:\Users\Heet\AppData\Local\Temp\VMBuilds\Flash_Bitmap\arduino_due_x\Release/core.a(syscalls_sam3.c.o)
                0x0008341a                _isatty
 .text._lseek   0x0008341e        0x4 C:\Users\Heet\AppData\Local\Temp\VMBuilds\Flash_Bitmap\arduino_due_x\Release/core.a(syscalls_sam3.c.o)
                0x0008341e                _lseek
 .text._read    0x00083422        0x4 C:\Users\Heet\AppData\Local\Temp\VMBuilds\Flash_Bitmap\arduino_due_x\Release/core.a(syscalls_sam3.c.o)
                0x00083422                _read
 *fill*         0x00083426        0x2 
 .text._write   0x00083428       0x24 C:\Users\Heet\AppData\Local\Temp\VMBuilds\Flash_Bitmap\arduino_due_x\Release/core.a(syscalls_sam3.c.o)
                0x00083428                _write
 .text._exit    0x0008344c       0x10 C:\Users\Heet\AppData\Local\Temp\VMBuilds\Flash_Bitmap\arduino_due_x\Release/core.a(syscalls_sam3.c.o)
                0x0008344c                _exit
 .text._kill    0x0008345c        0x2 C:\Users\Heet\AppData\Local\Temp\VMBuilds\Flash_Bitmap\arduino_due_x\Release/core.a(syscalls_sam3.c.o)
                0x0008345c                _kill
 .text._getpid  0x0008345e        0x6 C:\Users\Heet\AppData\Local\Temp\VMBuilds\Flash_Bitmap\arduino_due_x\Release/core.a(syscalls_sam3.c.o)
                0x0008345e                _getpid
 .text.millis   0x00083464        0x4 C:\Users\Heet\AppData\Local\Temp\VMBuilds\Flash_Bitmap\arduino_due_x\Release/core.a(wiring.c.o)
                0x00083464                millis
 .text.delay    0x00083468       0x1c C:\Users\Heet\AppData\Local\Temp\VMBuilds\Flash_Bitmap\arduino_due_x\Release/core.a(wiring.c.o)
                0x00083468                delay
 .text.analogOutputInit
                0x00083484        0x2 C:\Users\Heet\AppData\Local\Temp\VMBuilds\Flash_Bitmap\arduino_due_x\Release/core.a(wiring_analog.c.o)
                0x00083484                analogOutputInit
 *fill*         0x00083486        0x2 
 .text.pinMode  0x00083488      0x108 C:\Users\Heet\AppData\Local\Temp\VMBuilds\Flash_Bitmap\arduino_due_x\Release/core.a(wiring_digital.c.o)
                0x00083488                pinMode
 .text.digitalWrite
                0x00083590       0x70 C:\Users\Heet\AppData\Local\Temp\VMBuilds\Flash_Bitmap\arduino_due_x\Release/core.a(wiring_digital.c.o)
                0x00083590                digitalWrite
 .text.digitalRead
                0x00083600       0x44 C:\Users\Heet\AppData\Local\Temp\VMBuilds\Flash_Bitmap\arduino_due_x\Release/core.a(wiring_digital.c.o)
                0x00083600                digitalRead
 .text.initVariant
                0x00083644        0x2 C:\Users\Heet\AppData\Local\Temp\VMBuilds\Flash_Bitmap\arduino_due_x\Release/core.a(main.cpp.o)
                0x00083644                initVariant
 *fill*         0x00083646        0x2 
 .text.startup.main
                0x00083648       0x38 C:\Users\Heet\AppData\Local\Temp\VMBuilds\Flash_Bitmap\arduino_due_x\Release/core.a(main.cpp.o)
                0x00083648                main
 .text._ZN5Print5writeEPKhj
                0x00083680       0x22 C:\Users\Heet\AppData\Local\Temp\VMBuilds\Flash_Bitmap\arduino_due_x\Release/core.a(Print.cpp.o)
                0x00083680                Print::write(unsigned char const*, unsigned int)
 *fill*         0x000836a2        0x2 
 .text.initiateReset
                0x000836a4        0xc C:\Users\Heet\AppData\Local\Temp\VMBuilds\Flash_Bitmap\arduino_due_x\Release/core.a(Reset.cpp.o)
                0x000836a4                initiateReset
 .text.cancelReset
                0x000836b0       0x10 C:\Users\Heet\AppData\Local\Temp\VMBuilds\Flash_Bitmap\arduino_due_x\Release/core.a(Reset.cpp.o)
                0x000836b0                cancelReset
 .text.tickReset
                0x000836c0       0x20 C:\Users\Heet\AppData\Local\Temp\VMBuilds\Flash_Bitmap\arduino_due_x\Release/core.a(Reset.cpp.o)
                0x000836c0                tickReset
 .text._ZN10RingBufferC2Ev
                0x000836e0       0x1a C:\Users\Heet\AppData\Local\Temp\VMBuilds\Flash_Bitmap\arduino_due_x\Release/core.a(RingBuffer.cpp.o)
                0x000836e0                RingBuffer::RingBuffer()
                0x000836e0                RingBuffer::RingBuffer()
 .text._ZN10RingBuffer10store_charEh
                0x000836fa       0x1e C:\Users\Heet\AppData\Local\Temp\VMBuilds\Flash_Bitmap\arduino_due_x\Release/core.a(RingBuffer.cpp.o)
                0x000836fa                RingBuffer::store_char(unsigned char)
 .text._ZN9UARTClasscvbEv
                0x00083718        0x4 C:\Users\Heet\AppData\Local\Temp\VMBuilds\Flash_Bitmap\arduino_due_x\Release/core.a(UARTClass.cpp.o)
                0x00083718                UARTClass::operator bool()
 .text._ZN9UARTClass9availableEv
                0x0008371c       0x12 C:\Users\Heet\AppData\Local\Temp\VMBuilds\Flash_Bitmap\arduino_due_x\Release/core.a(UARTClass.cpp.o)
                0x0008371c                UARTClass::available()
 .text._ZN9UARTClass4peekEv
                0x0008372e       0x1c C:\Users\Heet\AppData\Local\Temp\VMBuilds\Flash_Bitmap\arduino_due_x\Release/core.a(UARTClass.cpp.o)
                0x0008372e                UARTClass::peek()
 .text._ZN9UARTClass4readEv
                0x0008374a       0x2a C:\Users\Heet\AppData\Local\Temp\VMBuilds\Flash_Bitmap\arduino_due_x\Release/core.a(UARTClass.cpp.o)
                0x0008374a                UARTClass::read()
 .text._ZN9UARTClass5flushEv
                0x00083774       0x18 C:\Users\Heet\AppData\Local\Temp\VMBuilds\Flash_Bitmap\arduino_due_x\Release/core.a(UARTClass.cpp.o)
                0x00083774                UARTClass::flush()
 .text._ZN9UARTClass5writeEh
                0x0008378c       0x54 C:\Users\Heet\AppData\Local\Temp\VMBuilds\Flash_Bitmap\arduino_due_x\Release/core.a(UARTClass.cpp.o)
                0x0008378c                UARTClass::write(unsigned char)
 .text._ZN9UARTClass3endEv
                0x000837e0       0x3c C:\Users\Heet\AppData\Local\Temp\VMBuilds\Flash_Bitmap\arduino_due_x\Release/core.a(UARTClass.cpp.o)
                0x000837e0                UARTClass::end()
 .text._ZN9UARTClassC2EP4Uart4IRQnmP10RingBufferS4_
                0x0008381c       0x24 C:\Users\Heet\AppData\Local\Temp\VMBuilds\Flash_Bitmap\arduino_due_x\Release/core.a(UARTClass.cpp.o)
                0x0008381c                UARTClass::UARTClass(Uart*, IRQn, unsigned long, RingBuffer*, RingBuffer*)
                0x0008381c                UARTClass::UARTClass(Uart*, IRQn, unsigned long, RingBuffer*, RingBuffer*)
 .text._ZN9UARTClass4initEmm
                0x00083840       0x70 C:\Users\Heet\AppData\Local\Temp\VMBuilds\Flash_Bitmap\arduino_due_x\Release/core.a(UARTClass.cpp.o)
                0x00083840                UARTClass::init(unsigned long, unsigned long)
 .text._ZN9UARTClass5beginEm
                0x000838b0        0x8 C:\Users\Heet\AppData\Local\Temp\VMBuilds\Flash_Bitmap\arduino_due_x\Release/core.a(UARTClass.cpp.o)
                0x000838b0                UARTClass::begin(unsigned long)
 .text._ZN9UARTClass10IrqHandlerEv
                0x000838b8       0x5a C:\Users\Heet\AppData\Local\Temp\VMBuilds\Flash_Bitmap\arduino_due_x\Release/core.a(UARTClass.cpp.o)
                0x000838b8                UARTClass::IrqHandler()
 .text._ZN10USARTClass5beginEm
                0x00083912        0x8 C:\Users\Heet\AppData\Local\Temp\VMBuilds\Flash_Bitmap\arduino_due_x\Release/core.a(USARTClass.cpp.o)
                0x00083912                USARTClass::begin(unsigned long)
 *fill*         0x0008391a        0x2 
 .text._ZN10USARTClassC2EP5Usart4IRQnmP10RingBufferS4_
                0x0008391c       0x24 C:\Users\Heet\AppData\Local\Temp\VMBuilds\Flash_Bitmap\arduino_due_x\Release/core.a(USARTClass.cpp.o)
                0x0008391c                USARTClass::USARTClass(Usart*, IRQn, unsigned long, RingBuffer*, RingBuffer*)
                0x0008391c                USARTClass::USARTClass(Usart*, IRQn, unsigned long, RingBuffer*, RingBuffer*)
 .text._watchdogDefaultSetup
                0x00083940        0xc C:\Users\Heet\AppData\Local\Temp\VMBuilds\Flash_Bitmap\arduino_due_x\Release/core.a(watchdog.cpp.o)
                0x00083940                _watchdogDefaultSetup
                0x00083940                watchdogSetup()
 .text.unlikely._ZL11USB_SendZlpv
                0x0008394c       0x20 C:\Users\Heet\AppData\Local\Temp\VMBuilds\Flash_Bitmap\arduino_due_x\Release/core.a(USBCore.cpp.o)
 .text._Z14USBD_Availablem
                0x0008396c       0x2c C:\Users\Heet\AppData\Local\Temp\VMBuilds\Flash_Bitmap\arduino_due_x\Release/core.a(USBCore.cpp.o)
                0x0008396c                USBD_Available(unsigned long)
 .text._Z9USBD_RecvmPvm
                0x00083998       0x7c C:\Users\Heet\AppData\Local\Temp\VMBuilds\Flash_Bitmap\arduino_due_x\Release/core.a(USBCore.cpp.o)
                0x00083998                USBD_Recv(unsigned long, void*, unsigned long)
 .text._Z9USBD_Recvm
                0x00083a14       0x22 C:\Users\Heet\AppData\Local\Temp\VMBuilds\Flash_Bitmap\arduino_due_x\Release/core.a(USBCore.cpp.o)
                0x00083a14                USBD_Recv(unsigned long)
 *fill*         0x00083a36        0x2 
 .text._Z9USBD_SendmPKvm
                0x00083a38       0x4c C:\Users\Heet\AppData\Local\Temp\VMBuilds\Flash_Bitmap\arduino_due_x\Release/core.a(USBCore.cpp.o)
                0x00083a38                USBD_Send(unsigned long, void const*, unsigned long)
 .text._Z16USBD_SendControlhPKvm
                0x00083a84       0x40 C:\Users\Heet\AppData\Local\Temp\VMBuilds\Flash_Bitmap\arduino_due_x\Release/core.a(USBCore.cpp.o)
                0x00083a84                USBD_SendControl(unsigned char, void const*, unsigned long)
 .text.unlikely._ZL24USB_SendStringDescriptorPKhi
                0x00083ac4       0x64 C:\Users\Heet\AppData\Local\Temp\VMBuilds\Flash_Bitmap\arduino_due_x\Release/core.a(USBCore.cpp.o)
 .text._Z16USBD_RecvControlPvm
                0x00083b28       0x1c C:\Users\Heet\AppData\Local\Temp\VMBuilds\Flash_Bitmap\arduino_due_x\Release/core.a(USBCore.cpp.o)
                0x00083b28                USBD_RecvControl(void*, unsigned long)
 .text._Z26USBD_ClassInterfaceRequestR8USBSetup
                0x00083b44       0x1e C:\Users\Heet\AppData\Local\Temp\VMBuilds\Flash_Bitmap\arduino_due_x\Release/core.a(USBCore.cpp.o)
                0x00083b44                USBD_ClassInterfaceRequest(USBSetup&)
 .text._Z19USBD_SendInterfacesv
                0x00083b62       0x22 C:\Users\Heet\AppData\Local\Temp\VMBuilds\Flash_Bitmap\arduino_due_x\Release/core.a(USBCore.cpp.o)
                0x00083b62                USBD_SendInterfaces()
 .text._Z24USBD_SendOtherInterfacesv
                0x00083b84       0x22 C:\Users\Heet\AppData\Local\Temp\VMBuilds\Flash_Bitmap\arduino_due_x\Release/core.a(USBCore.cpp.o)
                0x00083b84                USBD_SendOtherInterfaces()
 .text._Z10USBD_Flushm
                0x00083ba6       0x16 C:\Users\Heet\AppData\Local\Temp\VMBuilds\Flash_Bitmap\arduino_due_x\Release/core.a(USBCore.cpp.o)
                0x00083ba6                USBD_Flush(unsigned long)
 .text._ZN10USBDevice_C2Ev
                0x00083bbc       0x24 C:\Users\Heet\AppData\Local\Temp\VMBuilds\Flash_Bitmap\arduino_due_x\Release/core.a(USBCore.cpp.o)
                0x00083bbc                USBDevice_::USBDevice_()
                0x00083bbc                USBDevice_::USBDevice_()
 .text._ZN10USBDevice_6attachEv
                0x00083be0       0x20 C:\Users\Heet\AppData\Local\Temp\VMBuilds\Flash_Bitmap\arduino_due_x\Release/core.a(USBCore.cpp.o)
                0x00083be0                USBDevice_::attach()
 .text.startup._GLOBAL__sub_I_EndPoints
                0x00083c00        0xc C:\Users\Heet\AppData\Local\Temp\VMBuilds\Flash_Bitmap\arduino_due_x\Release/core.a(USBCore.cpp.o)
 .text._ZL7USB_ISRv
                0x00083c0c      0x454 C:\Users\Heet\AppData\Local\Temp\VMBuilds\Flash_Bitmap\arduino_due_x\Release/core.a(USBCore.cpp.o)
 .text._ZN7Serial_9availableEv
                0x00084060       0x18 C:\Users\Heet\AppData\Local\Temp\VMBuilds\Flash_Bitmap\arduino_due_x\Release/core.a(CDC.cpp.o)
                0x00084060                Serial_::available()
 .text._ZN7Serial_17availableForWriteEv
                0x00084078        0x6 C:\Users\Heet\AppData\Local\Temp\VMBuilds\Flash_Bitmap\arduino_due_x\Release/core.a(CDC.cpp.o)
                0x00084078                Serial_::availableForWrite()
 *fill*         0x0008407e        0x2 
 .text._ZN7Serial_4peekEv
                0x00084080       0x20 C:\Users\Heet\AppData\Local\Temp\VMBuilds\Flash_Bitmap\arduino_due_x\Release/core.a(CDC.cpp.o)
                0x00084080                Serial_::peek()
 .text._ZN7Serial_5writeEh
                0x000840a0       0x16 C:\Users\Heet\AppData\Local\Temp\VMBuilds\Flash_Bitmap\arduino_due_x\Release/core.a(CDC.cpp.o)
                0x000840a0                Serial_::write(unsigned char)
 *fill*         0x000840b6        0x2 
 .text._ZN7Serial_4readEv
                0x000840b8       0x44 C:\Users\Heet\AppData\Local\Temp\VMBuilds\Flash_Bitmap\arduino_due_x\Release/core.a(CDC.cpp.o)
                0x000840b8                Serial_::read()
 .text._ZN7Serial_5flushEv
                0x000840fc        0x6 C:\Users\Heet\AppData\Local\Temp\VMBuilds\Flash_Bitmap\arduino_due_x\Release/core.a(CDC.cpp.o)
                0x000840fc                Serial_::flush()
 *fill*         0x00084102        0x2 
 .text._ZN7Serial_6acceptEv
                0x00084104       0x70 C:\Users\Heet\AppData\Local\Temp\VMBuilds\Flash_Bitmap\arduino_due_x\Release/core.a(CDC.cpp.o)
                0x00084104                Serial_::accept()
 .text._ZN7Serial_5writeEPKhj
                0x00084174       0x2c C:\Users\Heet\AppData\Local\Temp\VMBuilds\Flash_Bitmap\arduino_due_x\Release/core.a(CDC.cpp.o)
                0x00084174                Serial_::write(unsigned char const*, unsigned int)
 .text._Z16CDC_GetInterfacePh
                0x000841a0       0x14 C:\Users\Heet\AppData\Local\Temp\VMBuilds\Flash_Bitmap\arduino_due_x\Release/core.a(CDC.cpp.o)
                0x000841a0                CDC_GetInterface(unsigned char*)
 .text._Z21CDC_GetOtherInterfacePh
                0x000841b4       0x14 C:\Users\Heet\AppData\Local\Temp\VMBuilds\Flash_Bitmap\arduino_due_x\Release/core.a(CDC.cpp.o)
                0x000841b4                CDC_GetOtherInterface(unsigned char*)
 .text._Z9CDC_SetupR8USBSetup
                0x000841c8       0x78 C:\Users\Heet\AppData\Local\Temp\VMBuilds\Flash_Bitmap\arduino_due_x\Release/core.a(CDC.cpp.o)
                0x000841c8                CDC_Setup(USBSetup&)
 .text.startup._GLOBAL__sub_I_cdc_rx_buffer
                0x00084240       0x1c C:\Users\Heet\AppData\Local\Temp\VMBuilds\Flash_Bitmap\arduino_due_x\Release/core.a(CDC.cpp.o)
 .text._ZN13PluggableUSB_12getInterfaceEPh
                0x0008425c       0x28 C:\Users\Heet\AppData\Local\Temp\VMBuilds\Flash_Bitmap\arduino_due_x\Release/core.a(PluggableUSB.cpp.o)
                0x0008425c                PluggableUSB_::getInterface(unsigned char*)
 .text._ZN13PluggableUSB_13getDescriptorER8USBSetup
                0x00084284       0x1c C:\Users\Heet\AppData\Local\Temp\VMBuilds\Flash_Bitmap\arduino_due_x\Release/core.a(PluggableUSB.cpp.o)
                0x00084284                PluggableUSB_::getDescriptor(USBSetup&)
 .text._ZN13PluggableUSB_12getShortNameEPc
                0x000842a0       0x1c C:\Users\Heet\AppData\Local\Temp\VMBuilds\Flash_Bitmap\arduino_due_x\Release/core.a(PluggableUSB.cpp.o)
                0x000842a0                PluggableUSB_::getShortName(char*)
 .text._ZN13PluggableUSB_5setupER8USBSetup
                0x000842bc       0x20 C:\Users\Heet\AppData\Local\Temp\VMBuilds\Flash_Bitmap\arduino_due_x\Release/core.a(PluggableUSB.cpp.o)
                0x000842bc                PluggableUSB_::setup(USBSetup&)
 .text._Z12PluggableUSBv
                0x000842dc       0x28 C:\Users\Heet\AppData\Local\Temp\VMBuilds\Flash_Bitmap\arduino_due_x\Release/core.a(PluggableUSB.cpp.o)
                0x000842dc                PluggableUSB()
 .text.TimeTick_Increment
                0x00084304       0x10 C:\Users\Heet\AppData\Local\arduino15\packages\arduino\hardware\sam\1.6.9\variants\arduino_due_x/libsam_sam3x8e_gcc_rel.a(timetick.o)
                0x00084304                TimeTick_Increment
 .text.GetTickCount
                0x00084314        0xc C:\Users\Heet\AppData\Local\arduino15\packages\arduino\hardware\sam\1.6.9\variants\arduino_due_x/libsam_sam3x8e_gcc_rel.a(timetick.o)
                0x00084314                GetTickCount
 .text.WDT_Disable
                0x00084320        0x8 C:\Users\Heet\AppData\Local\arduino15\packages\arduino\hardware\sam\1.6.9\variants\arduino_due_x/libsam_sam3x8e_gcc_rel.a(wdt.o)
                0x00084320                WDT_Disable
 .text.UDD_SetStack
                0x00084328        0xc C:\Users\Heet\AppData\Local\arduino15\packages\arduino\hardware\sam\1.6.9\variants\arduino_due_x/libsam_sam3x8e_gcc_rel.a(uotghs_device.o)
                0x00084328                UDD_SetStack
 .text.UDD_Init
                0x00084334       0xd0 C:\Users\Heet\AppData\Local\arduino15\packages\arduino\hardware\sam\1.6.9\variants\arduino_due_x/libsam_sam3x8e_gcc_rel.a(uotghs_device.o)
                0x00084334                UDD_Init
 .text.UDD_Attach
                0x00084404       0x50 C:\Users\Heet\AppData\Local\arduino15\packages\arduino\hardware\sam\1.6.9\variants\arduino_due_x/libsam_sam3x8e_gcc_rel.a(uotghs_device.o)
                0x00084404                UDD_Attach
 .text.UDD_InitEP
                0x00084454       0x2c C:\Users\Heet\AppData\Local\arduino15\packages\arduino\hardware\sam\1.6.9\variants\arduino_due_x/libsam_sam3x8e_gcc_rel.a(uotghs_device.o)
                0x00084454                UDD_InitEP
 .text.UDD_InitEndpoints
                0x00084480       0x3c C:\Users\Heet\AppData\Local\arduino15\packages\arduino\hardware\sam\1.6.9\variants\arduino_due_x/libsam_sam3x8e_gcc_rel.a(uotghs_device.o)
                0x00084480                UDD_InitEndpoints
 .text.UDD_WaitIN
                0x000844bc       0x10 C:\Users\Heet\AppData\Local\arduino15\packages\arduino\hardware\sam\1.6.9\variants\arduino_due_x/libsam_sam3x8e_gcc_rel.a(uotghs_device.o)
                0x000844bc                UDD_WaitIN
 .text.UDD_WaitOUT
                0x000844cc       0x10 C:\Users\Heet\AppData\Local\arduino15\packages\arduino\hardware\sam\1.6.9\variants\arduino_due_x/libsam_sam3x8e_gcc_rel.a(uotghs_device.o)
                0x000844cc                UDD_WaitOUT
 .text.UDD_ClearIN
                0x000844dc       0x18 C:\Users\Heet\AppData\Local\arduino15\packages\arduino\hardware\sam\1.6.9\variants\arduino_due_x/libsam_sam3x8e_gcc_rel.a(uotghs_device.o)
                0x000844dc                UDD_ClearIN
 .text.UDD_ClearOUT
                0x000844f4       0x18 C:\Users\Heet\AppData\Local\arduino15\packages\arduino\hardware\sam\1.6.9\variants\arduino_due_x/libsam_sam3x8e_gcc_rel.a(uotghs_device.o)
                0x000844f4                UDD_ClearOUT
 .text.UDD_ReceivedSetupInt
                0x0008450c       0x10 C:\Users\Heet\AppData\Local\arduino15\packages\arduino\hardware\sam\1.6.9\variants\arduino_due_x/libsam_sam3x8e_gcc_rel.a(uotghs_device.o)
                0x0008450c                UDD_ReceivedSetupInt
 .text.UDD_ClearSetupInt
                0x0008451c       0x10 C:\Users\Heet\AppData\Local\arduino15\packages\arduino\hardware\sam\1.6.9\variants\arduino_due_x/libsam_sam3x8e_gcc_rel.a(uotghs_device.o)
                0x0008451c                UDD_ClearSetupInt
 .text.UDD_Send
                0x0008452c       0x88 C:\Users\Heet\AppData\Local\arduino15\packages\arduino\hardware\sam\1.6.9\variants\arduino_due_x/libsam_sam3x8e_gcc_rel.a(uotghs_device.o)
                0x0008452c                UDD_Send
 .text.UDD_Send8
                0x000845b4       0x24 C:\Users\Heet\AppData\Local\arduino15\packages\arduino\hardware\sam\1.6.9\variants\arduino_due_x/libsam_sam3x8e_gcc_rel.a(uotghs_device.o)
                0x000845b4                UDD_Send8
 .text.UDD_Recv8
                0x000845d8       0x28 C:\Users\Heet\AppData\Local\arduino15\packages\arduino\hardware\sam\1.6.9\variants\arduino_due_x/libsam_sam3x8e_gcc_rel.a(uotghs_device.o)
                0x000845d8                UDD_Recv8
 .text.UDD_Recv
                0x00084600       0x34 C:\Users\Heet\AppData\Local\arduino15\packages\arduino\hardware\sam\1.6.9\variants\arduino_due_x/libsam_sam3x8e_gcc_rel.a(uotghs_device.o)
                0x00084600                UDD_Recv
 .text.UDD_Stall
                0x00084634       0x14 C:\Users\Heet\AppData\Local\arduino15\packages\arduino\hardware\sam\1.6.9\variants\arduino_due_x/libsam_sam3x8e_gcc_rel.a(uotghs_device.o)
                0x00084634                UDD_Stall
 .text.UDD_FifoByteCount
                0x00084648       0x14 C:\Users\Heet\AppData\Local\arduino15\packages\arduino\hardware\sam\1.6.9\variants\arduino_due_x/libsam_sam3x8e_gcc_rel.a(uotghs_device.o)
                0x00084648                UDD_FifoByteCount
 .text.UDD_ReleaseRX
                0x0008465c       0x28 C:\Users\Heet\AppData\Local\arduino15\packages\arduino\hardware\sam\1.6.9\variants\arduino_due_x/libsam_sam3x8e_gcc_rel.a(uotghs_device.o)
                0x0008465c                UDD_ReleaseRX
 .text.UDD_ReleaseTX
                0x00084684       0x28 C:\Users\Heet\AppData\Local\arduino15\packages\arduino\hardware\sam\1.6.9\variants\arduino_due_x/libsam_sam3x8e_gcc_rel.a(uotghs_device.o)
                0x00084684                UDD_ReleaseTX
 .text.UDD_SetAddress
                0x000846ac       0x20 C:\Users\Heet\AppData\Local\arduino15\packages\arduino\hardware\sam\1.6.9\variants\arduino_due_x/libsam_sam3x8e_gcc_rel.a(uotghs_device.o)
                0x000846ac                UDD_SetAddress
 .text.__libc_init_array
                0x000846cc       0x50 c:/users/heet/appdata/local/arduino15/packages/arduino/tools/arm-none-eabi-gcc/4.8.3-2014q1/bin/../lib/gcc/arm-none-eabi/4.8.3/../../../../arm-none-eabi/lib/armv7-m\libg.a(lib_a-init.o)
                0x000846cc                __libc_init_array
 .text.iprintf  0x0008471c       0x28 c:/users/heet/appdata/local/arduino15/packages/arduino/tools/arm-none-eabi-gcc/4.8.3-2014q1/bin/../lib/gcc/arm-none-eabi/4.8.3/../../../../arm-none-eabi/lib/armv7-m\libg.a(lib_a-iprintf.o)
                0x0008471c                iprintf
 .text.memset   0x00084744       0x94 c:/users/heet/appdata/local/arduino15/packages/arduino/tools/arm-none-eabi-gcc/4.8.3-2014q1/bin/../lib/gcc/arm-none-eabi/4.8.3/../../../../arm-none-eabi/lib/armv7-m\libg.a(lib_a-memset.o)
                0x00084744                memset
 .text.strlen   0x000847d8       0x60 c:/users/heet/appdata/local/arduino15/packages/arduino/tools/arm-none-eabi-gcc/4.8.3-2014q1/bin/../lib/gcc/arm-none-eabi/4.8.3/../../../../arm-none-eabi/lib/armv7-m\libg.a(lib_a-strlen.o)
                0x000847d8                strlen
 .text.kill     0x00084838       0x10 c:/users/heet/appdata/local/arduino15/packages/arduino/tools/arm-none-eabi-gcc/4.8.3-2014q1/bin/../lib/gcc/arm-none-eabi/4.8.3/../../../../arm-none-eabi/lib/armv7-m\libg.a(lib_a-syskill.o)
                0x00084838                kill
 .text.__sprint_r.part.0
                0x00084848       0x78 c:/users/heet/appdata/local/arduino15/packages/arduino/tools/arm-none-eabi-gcc/4.8.3-2014q1/bin/../lib/gcc/arm-none-eabi/4.8.3/../../../../arm-none-eabi/lib/armv7-m\libg.a(lib_a-vfiprintf.o)
 .text._vfiprintf_r
                0x000848c0      0xc54 c:/users/heet/appdata/local/arduino15/packages/arduino/tools/arm-none-eabi-gcc/4.8.3-2014q1/bin/../lib/gcc/arm-none-eabi/4.8.3/../../../../arm-none-eabi/lib/armv7-m\libg.a(lib_a-vfiprintf.o)
                0x000848c0                _vfiprintf_r
 .text.__sbprintf
                0x00085514       0x7c c:/users/heet/appdata/local/arduino15/packages/arduino/tools/arm-none-eabi-gcc/4.8.3-2014q1/bin/../lib/gcc/arm-none-eabi/4.8.3/../../../../arm-none-eabi/lib/armv7-m\libg.a(lib_a-vfiprintf.o)
 .text.__swsetup_r
                0x00085590       0xc4 c:/users/heet/appdata/local/arduino15/packages/arduino/tools/arm-none-eabi-gcc/4.8.3-2014q1/bin/../lib/gcc/arm-none-eabi/4.8.3/../../../../arm-none-eabi/lib/armv7-m\libg.a(lib_a-wsetup.o)
                0x00085590                __swsetup_r
 .text.startup.register_fini
                0x00085654       0x14 c:/users/heet/appdata/local/arduino15/packages/arduino/tools/arm-none-eabi-gcc/4.8.3-2014q1/bin/../lib/gcc/arm-none-eabi/4.8.3/../../../../arm-none-eabi/lib/armv7-m\libg.a(lib_a-__call_atexit.o)
 .text.atexit   0x00085668        0xc c:/users/heet/appdata/local/arduino15/packages/arduino/tools/arm-none-eabi-gcc/4.8.3-2014q1/bin/../lib/gcc/arm-none-eabi/4.8.3/../../../../arm-none-eabi/lib/armv7-m\libg.a(lib_a-atexit.o)
                0x00085668                atexit
 .text.__sflush_r
                0x00085674      0x148 c:/users/heet/appdata/local/arduino15/packages/arduino/tools/arm-none-eabi-gcc/4.8.3-2014q1/bin/../lib/gcc/arm-none-eabi/4.8.3/../../../../arm-none-eabi/lib/armv7-m\libg.a(lib_a-fflush.o)
                0x00085674                __sflush_r
 .text._fflush_r
                0x000857bc       0x2c c:/users/heet/appdata/local/arduino15/packages/arduino/tools/arm-none-eabi-gcc/4.8.3-2014q1/bin/../lib/gcc/arm-none-eabi/4.8.3/../../../../arm-none-eabi/lib/armv7-m\libg.a(lib_a-fflush.o)
                0x000857bc                _fflush_r
 .text._cleanup_r
                0x000857e8        0xc c:/users/heet/appdata/local/arduino15/packages/arduino/tools/arm-none-eabi-gcc/4.8.3-2014q1/bin/../lib/gcc/arm-none-eabi/4.8.3/../../../../arm-none-eabi/lib/armv7-m\libg.a(lib_a-findfp.o)
                0x000857e8                _cleanup_r
 .text.__sinit  0x000857f4       0xf4 c:/users/heet/appdata/local/arduino15/packages/arduino/tools/arm-none-eabi-gcc/4.8.3-2014q1/bin/../lib/gcc/arm-none-eabi/4.8.3/../../../../arm-none-eabi/lib/armv7-m\libg.a(lib_a-findfp.o)
                0x000857f4                __sinit
 .text.__sfp_lock_acquire
                0x000858e8        0x4 c:/users/heet/appdata/local/arduino15/packages/arduino/tools/arm-none-eabi-gcc/4.8.3-2014q1/bin/../lib/gcc/arm-none-eabi/4.8.3/../../../../arm-none-eabi/lib/armv7-m\libg.a(lib_a-findfp.o)
                0x000858e8                __sfp_lock_acquire
 .text.__sfp_lock_release
                0x000858ec        0x4 c:/users/heet/appdata/local/arduino15/packages/arduino/tools/arm-none-eabi-gcc/4.8.3-2014q1/bin/../lib/gcc/arm-none-eabi/4.8.3/../../../../arm-none-eabi/lib/armv7-m\libg.a(lib_a-findfp.o)
                0x000858ec                __sfp_lock_release
 .text.__libc_fini_array
                0x000858f0       0x30 c:/users/heet/appdata/local/arduino15/packages/arduino/tools/arm-none-eabi-gcc/4.8.3-2014q1/bin/../lib/gcc/arm-none-eabi/4.8.3/../../../../arm-none-eabi/lib/armv7-m\libg.a(lib_a-fini.o)
                0x000858f0                __libc_fini_array
 .text._fputwc_r
                0x00085920       0xc0 c:/users/heet/appdata/local/arduino15/packages/arduino/tools/arm-none-eabi-gcc/4.8.3-2014q1/bin/../lib/gcc/arm-none-eabi/4.8.3/../../../../arm-none-eabi/lib/armv7-m\libg.a(lib_a-fputwc.o)
                0x00085920                _fputwc_r
 .text._malloc_trim_r
                0x000859e0       0x9c c:/users/heet/appdata/local/arduino15/packages/arduino/tools/arm-none-eabi-gcc/4.8.3-2014q1/bin/../lib/gcc/arm-none-eabi/4.8.3/../../../../arm-none-eabi/lib/armv7-m\libg.a(lib_a-freer.o)
                0x000859e0                _malloc_trim_r
 .text._free_r  0x00085a7c      0x198 c:/users/heet/appdata/local/arduino15/packages/arduino/tools/arm-none-eabi-gcc/4.8.3-2014q1/bin/../lib/gcc/arm-none-eabi/4.8.3/../../../../arm-none-eabi/lib/armv7-m\libg.a(lib_a-freer.o)
                0x00085a7c                _free_r
 .text.__sfvwrite_r
                0x00085c14      0x314 c:/users/heet/appdata/local/arduino15/packages/arduino/tools/arm-none-eabi-gcc/4.8.3-2014q1/bin/../lib/gcc/arm-none-eabi/4.8.3/../../../../arm-none-eabi/lib/armv7-m\libg.a(lib_a-fvwrite.o)
                0x00085c14                __sfvwrite_r
 .text._fwalk   0x00085f28       0x48 c:/users/heet/appdata/local/arduino15/packages/arduino/tools/arm-none-eabi-gcc/4.8.3-2014q1/bin/../lib/gcc/arm-none-eabi/4.8.3/../../../../arm-none-eabi/lib/armv7-m\libg.a(lib_a-fwalk.o)
                0x00085f28                _fwalk
 .text.__locale_charset
                0x00085f70        0x8 c:/users/heet/appdata/local/arduino15/packages/arduino/tools/arm-none-eabi-gcc/4.8.3-2014q1/bin/../lib/gcc/arm-none-eabi/4.8.3/../../../../arm-none-eabi/lib/armv7-m\libg.a(lib_a-locale.o)
                0x00085f70                __locale_charset
 .text.__locale_mb_cur_max
                0x00085f78        0xc c:/users/heet/appdata/local/arduino15/packages/arduino/tools/arm-none-eabi-gcc/4.8.3-2014q1/bin/../lib/gcc/arm-none-eabi/4.8.3/../../../../arm-none-eabi/lib/armv7-m\libg.a(lib_a-locale.o)
                0x00085f78                __locale_mb_cur_max
 .text.__smakebuf_r
                0x00085f84       0xe0 c:/users/heet/appdata/local/arduino15/packages/arduino/tools/arm-none-eabi-gcc/4.8.3-2014q1/bin/../lib/gcc/arm-none-eabi/4.8.3/../../../../arm-none-eabi/lib/armv7-m\libg.a(lib_a-makebuf.o)
                0x00085f84                __smakebuf_r
 .text._malloc_r
                0x00086064      0x538 c:/users/heet/appdata/local/arduino15/packages/arduino/tools/arm-none-eabi-gcc/4.8.3-2014q1/bin/../lib/gcc/arm-none-eabi/4.8.3/../../../../arm-none-eabi/lib/armv7-m\libg.a(lib_a-mallocr.o)
                0x00086064                _malloc_r
 .text.memchr   0x0008659c       0x94 c:/users/heet/appdata/local/arduino15/packages/arduino/tools/arm-none-eabi-gcc/4.8.3-2014q1/bin/../lib/gcc/arm-none-eabi/4.8.3/../../../../arm-none-eabi/lib/armv7-m\libg.a(lib_a-memchr-stub.o)
                0x0008659c                memchr
 .text          0x00086630       0xec c:/users/heet/appdata/local/arduino15/packages/arduino/tools/arm-none-eabi-gcc/4.8.3-2014q1/bin/../lib/gcc/arm-none-eabi/4.8.3/../../../../arm-none-eabi/lib/armv7-m\libg.a(lib_a-memcpy.o)
                0x00086630                memcpy
 .text.memmove  0x0008671c       0xcc c:/users/heet/appdata/local/arduino15/packages/arduino/tools/arm-none-eabi-gcc/4.8.3-2014q1/bin/../lib/gcc/arm-none-eabi/4.8.3/../../../../arm-none-eabi/lib/armv7-m\libg.a(lib_a-memmove.o)
                0x0008671c                memmove
 .text.__malloc_lock
                0x000867e8        0x4 c:/users/heet/appdata/local/arduino15/packages/arduino/tools/arm-none-eabi-gcc/4.8.3-2014q1/bin/../lib/gcc/arm-none-eabi/4.8.3/../../../../arm-none-eabi/lib/armv7-m\libg.a(lib_a-mlock.o)
                0x000867e8                __malloc_lock
 .text.__malloc_unlock
                0x000867ec        0x4 c:/users/heet/appdata/local/arduino15/packages/arduino/tools/arm-none-eabi-gcc/4.8.3-2014q1/bin/../lib/gcc/arm-none-eabi/4.8.3/../../../../arm-none-eabi/lib/armv7-m\libg.a(lib_a-mlock.o)
                0x000867ec                __malloc_unlock
 .text._realloc_r
                0x000867f0      0x3c0 c:/users/heet/appdata/local/arduino15/packages/arduino/tools/arm-none-eabi-gcc/4.8.3-2014q1/bin/../lib/gcc/arm-none-eabi/4.8.3/../../../../arm-none-eabi/lib/armv7-m\libg.a(lib_a-reallocr.o)
                0x000867f0                _realloc_r
 .text._sbrk_r  0x00086bb0       0x24 c:/users/heet/appdata/local/arduino15/packages/arduino/tools/arm-none-eabi-gcc/4.8.3-2014q1/bin/../lib/gcc/arm-none-eabi/4.8.3/../../../../arm-none-eabi/lib/armv7-m\libg.a(lib_a-sbrkr.o)
                0x00086bb0                _sbrk_r
 .text._kill_r  0x00086bd4       0x28 c:/users/heet/appdata/local/arduino15/packages/arduino/tools/arm-none-eabi-gcc/4.8.3-2014q1/bin/../lib/gcc/arm-none-eabi/4.8.3/../../../../arm-none-eabi/lib/armv7-m\libg.a(lib_a-signalr.o)
                0x00086bd4                _kill_r
 .text.__sread  0x00086bfc       0x24 c:/users/heet/appdata/local/arduino15/packages/arduino/tools/arm-none-eabi-gcc/4.8.3-2014q1/bin/../lib/gcc/arm-none-eabi/4.8.3/../../../../arm-none-eabi/lib/armv7-m\libg.a(lib_a-stdio.o)
                0x00086bfc                __sread
 .text.__swrite
                0x00086c20       0x38 c:/users/heet/appdata/local/arduino15/packages/arduino/tools/arm-none-eabi-gcc/4.8.3-2014q1/bin/../lib/gcc/arm-none-eabi/4.8.3/../../../../arm-none-eabi/lib/armv7-m\libg.a(lib_a-stdio.o)
                0x00086c20                __swrite
 .text.__sseek  0x00086c58       0x20 c:/users/heet/appdata/local/arduino15/packages/arduino/tools/arm-none-eabi-gcc/4.8.3-2014q1/bin/../lib/gcc/arm-none-eabi/4.8.3/../../../../arm-none-eabi/lib/armv7-m\libg.a(lib_a-stdio.o)
                0x00086c58                __sseek
 .text.__sclose
                0x00086c78        0x8 c:/users/heet/appdata/local/arduino15/packages/arduino/tools/arm-none-eabi-gcc/4.8.3-2014q1/bin/../lib/gcc/arm-none-eabi/4.8.3/../../../../arm-none-eabi/lib/armv7-m\libg.a(lib_a-stdio.o)
                0x00086c78                __sclose
 .text.__swbuf_r
                0x00086c80       0xa8 c:/users/heet/appdata/local/arduino15/packages/arduino/tools/arm-none-eabi-gcc/4.8.3-2014q1/bin/../lib/gcc/arm-none-eabi/4.8.3/../../../../arm-none-eabi/lib/armv7-m\libg.a(lib_a-wbuf.o)
                0x00086c80                __swbuf_r
 .text._wcrtomb_r
                0x00086d28       0x50 c:/users/heet/appdata/local/arduino15/packages/arduino/tools/arm-none-eabi-gcc/4.8.3-2014q1/bin/../lib/gcc/arm-none-eabi/4.8.3/../../../../arm-none-eabi/lib/armv7-m\libg.a(lib_a-wcrtomb.o)
                0x00086d28                _wcrtomb_r
 .text.__ascii_wctomb
                0x00086d78       0x1c c:/users/heet/appdata/local/arduino15/packages/arduino/tools/arm-none-eabi-gcc/4.8.3-2014q1/bin/../lib/gcc/arm-none-eabi/4.8.3/../../../../arm-none-eabi/lib/armv7-m\libg.a(lib_a-wctomb_r.o)
                0x00086d78                __ascii_wctomb
 .text._write_r
                0x00086d94       0x28 c:/users/heet/appdata/local/arduino15/packages/arduino/tools/arm-none-eabi-gcc/4.8.3-2014q1/bin/../lib/gcc/arm-none-eabi/4.8.3/../../../../arm-none-eabi/lib/armv7-m\libg.a(lib_a-writer.o)
                0x00086d94                _write_r
 .text.__register_exitproc
                0x00086dbc       0xa8 c:/users/heet/appdata/local/arduino15/packages/arduino/tools/arm-none-eabi-gcc/4.8.3-2014q1/bin/../lib/gcc/arm-none-eabi/4.8.3/../../../../arm-none-eabi/lib/armv7-m\libg.a(lib_a-__atexit.o)
                0x00086dbc                __register_exitproc
 .text._close_r
                0x00086e64       0x24 c:/users/heet/appdata/local/arduino15/packages/arduino/tools/arm-none-eabi-gcc/4.8.3-2014q1/bin/../lib/gcc/arm-none-eabi/4.8.3/../../../../arm-none-eabi/lib/armv7-m\libg.a(lib_a-closer.o)
                0x00086e64                _close_r
 .text._fclose_r
                0x00086e88       0x80 c:/users/heet/appdata/local/arduino15/packages/arduino/tools/arm-none-eabi-gcc/4.8.3-2014q1/bin/../lib/gcc/arm-none-eabi/4.8.3/../../../../arm-none-eabi/lib/armv7-m\libg.a(lib_a-fclose.o)
                0x00086e88                _fclose_r
 .text.fclose   0x00086f08       0x10 c:/users/heet/appdata/local/arduino15/packages/arduino/tools/arm-none-eabi-gcc/4.8.3-2014q1/bin/../lib/gcc/arm-none-eabi/4.8.3/../../../../arm-none-eabi/lib/armv7-m\libg.a(lib_a-fclose.o)
                0x00086f08                fclose
 .text._fstat_r
                0x00086f18       0x28 c:/users/heet/appdata/local/arduino15/packages/arduino/tools/arm-none-eabi-gcc/4.8.3-2014q1/bin/../lib/gcc/arm-none-eabi/4.8.3/../../../../arm-none-eabi/lib/armv7-m\libg.a(lib_a-fstatr.o)
                0x00086f18                _fstat_r
 .text._isatty_r
                0x00086f40       0x24 c:/users/heet/appdata/local/arduino15/packages/arduino/tools/arm-none-eabi-gcc/4.8.3-2014q1/bin/../lib/gcc/arm-none-eabi/4.8.3/../../../../arm-none-eabi/lib/armv7-m\libg.a(lib_a-isattyr.o)
                0x00086f40                _isatty_r
 .text._lseek_r
                0x00086f64       0x28 c:/users/heet/appdata/local/arduino15/packages/arduino/tools/arm-none-eabi-gcc/4.8.3-2014q1/bin/../lib/gcc/arm-none-eabi/4.8.3/../../../../arm-none-eabi/lib/armv7-m\libg.a(lib_a-lseekr.o)
                0x00086f64                _lseek_r
 .text._read_r  0x00086f8c       0x28 c:/users/heet/appdata/local/arduino15/packages/arduino/tools/arm-none-eabi-gcc/4.8.3-2014q1/bin/../lib/gcc/arm-none-eabi/4.8.3/../../../../arm-none-eabi/lib/armv7-m\libg.a(lib_a-readr.o)
                0x00086f8c                _read_r
 .text          0x00086fb4       0x2c c:/users/heet/appdata/local/arduino15/packages/arduino/tools/arm-none-eabi-gcc/4.8.3-2014q1/bin/../lib/gcc/arm-none-eabi/4.8.3/armv7-m\libgcc.a(_aeabi_uldivmod.o)
                0x00086fb4                __aeabi_uldivmod
 .text          0x00086fe0       0x60 c:/users/heet/appdata/local/arduino15/packages/arduino/tools/arm-none-eabi-gcc/4.8.3-2014q1/bin/../lib/gcc/arm-none-eabi/4.8.3/armv7-m\libgcc.a(bpabi.o)
                0x00086fe0                __gnu_ldivmod_helper
                0x00087010                __gnu_uldivmod_helper
 .text          0x00087040        0x4 c:/users/heet/appdata/local/arduino15/packages/arduino/tools/arm-none-eabi-gcc/4.8.3-2014q1/bin/../lib/gcc/arm-none-eabi/4.8.3/armv7-m\libgcc.a(_dvmd_tls.o)
                0x00087040                __aeabi_idiv0
                0x00087040                __aeabi_ldiv0
 .text          0x00087044      0x2a0 c:/users/heet/appdata/local/arduino15/packages/arduino/tools/arm-none-eabi-gcc/4.8.3-2014q1/bin/../lib/gcc/arm-none-eabi/4.8.3/armv7-m\libgcc.a(_divdi3.o)
                0x00087044                __divdi3
 .text          0x000872e4      0x290 c:/users/heet/appdata/local/arduino15/packages/arduino/tools/arm-none-eabi-gcc/4.8.3-2014q1/bin/../lib/gcc/arm-none-eabi/4.8.3/armv7-m\libgcc.a(_udivdi3.o)
                0x000872e4                __udivdi3
 *(.glue_7t)
 .glue_7t       0x00000000        0x0 linker stubs
 *(.glue_7)
 .glue_7        0x00000000        0x0 linker stubs
 *(.rodata .rodata* .gnu.linkonce.r.*)
 .rodata._ZL19FreeSerifBold24pt7b
                0x00087574        0xc C:\Users\Heet\AppData\Local\Temp\VMBuilds\Flash_Bitmap\arduino_due_x\Release\Flash_Bitmap.cpp.o
 .rodata._ZL26FreeSerifBold24pt7bBitmaps
                0x00087580     0x1ea7 C:\Users\Heet\AppData\Local\Temp\VMBuilds\Flash_Bitmap\arduino_due_x\Release\Flash_Bitmap.cpp.o
 *fill*         0x00089427        0x1 
 .rodata._ZL6Values
                0x00089428     0x2000 C:\Users\Heet\AppData\Local\Temp\VMBuilds\Flash_Bitmap\arduino_due_x\Release\Flash_Bitmap.cpp.o
 .rodata._ZL8Settings
                0x0008b428     0x2000 C:\Users\Heet\AppData\Local\Temp\VMBuilds\Flash_Bitmap\arduino_due_x\Release\Flash_Bitmap.cpp.o
 .rodata.str1.1
                0x0008d428       0x19 C:\Users\Heet\AppData\Local\Temp\VMBuilds\Flash_Bitmap\arduino_due_x\Release\Flash_Bitmap.cpp.o
 *fill*         0x0008d441        0x1 
 .rodata._ZL4Home
                0x0008d442     0x2000 C:\Users\Heet\AppData\Local\Temp\VMBuilds\Flash_Bitmap\arduino_due_x\Release\Flash_Bitmap.cpp.o
 .rodata._ZL25FreeSerifBold24pt7bGlyphs
                0x0008f442      0x2f8 C:\Users\Heet\AppData\Local\Temp\VMBuilds\Flash_Bitmap\arduino_due_x\Release\Flash_Bitmap.cpp.o
 *fill*         0x0008f73a        0x6 
 .rodata._ZTV6Keypad
                0x0008f740       0x18 C:\Users\Heet\AppData\Local\Temp\VMBuilds\Flash_Bitmap\arduino_due_x\Release\Keypad\Keypad.cpp.o
                0x0008f740                vtable for Keypad
 .rodata._ZL10chr_f16_7A
                0x0008f758       0x10 C:\Users\Heet\AppData\Local\Temp\VMBuilds\Flash_Bitmap\arduino_due_x\Release\TFT_HX8357_Due-master\TFT_HX8357_Due.cpp.o
 .rodata._ZL10chr_f16_7B
                0x0008f768       0x10 C:\Users\Heet\AppData\Local\Temp\VMBuilds\Flash_Bitmap\arduino_due_x\Release\TFT_HX8357_Due-master\TFT_HX8357_Due.cpp.o
 .rodata._ZL10chr_f16_7C
                0x0008f778       0x10 C:\Users\Heet\AppData\Local\Temp\VMBuilds\Flash_Bitmap\arduino_due_x\Release\TFT_HX8357_Due-master\TFT_HX8357_Due.cpp.o
 .rodata._ZL10chr_f16_7D
                0x0008f788       0x10 C:\Users\Heet\AppData\Local\Temp\VMBuilds\Flash_Bitmap\arduino_due_x\Release\TFT_HX8357_Due-master\TFT_HX8357_Due.cpp.o
 .rodata._ZL10chr_f16_7E
                0x0008f798       0x10 C:\Users\Heet\AppData\Local\Temp\VMBuilds\Flash_Bitmap\arduino_due_x\Release\TFT_HX8357_Due-master\TFT_HX8357_Due.cpp.o
 .rodata._ZL10chr_f32_22
                0x0008f7a8       0x1e C:\Users\Heet\AppData\Local\Temp\VMBuilds\Flash_Bitmap\arduino_due_x\Release\TFT_HX8357_Due-master\TFT_HX8357_Due.cpp.o
 .rodata._ZL10chr_f32_23
                0x0008f7c6       0x42 C:\Users\Heet\AppData\Local\Temp\VMBuilds\Flash_Bitmap\arduino_due_x\Release\TFT_HX8357_Due-master\TFT_HX8357_Due.cpp.o
 .rodata._ZL10chr_f32_24
                0x0008f808       0x2d C:\Users\Heet\AppData\Local\Temp\VMBuilds\Flash_Bitmap\arduino_due_x\Release\TFT_HX8357_Due-master\TFT_HX8357_Due.cpp.o
 .rodata._ZL10chr_f32_25
                0x0008f835       0x5e C:\Users\Heet\AppData\Local\Temp\VMBuilds\Flash_Bitmap\arduino_due_x\Release\TFT_HX8357_Due-master\TFT_HX8357_Due.cpp.o
 .rodata._ZL10chr_f32_26
                0x0008f893       0x45 C:\Users\Heet\AppData\Local\Temp\VMBuilds\Flash_Bitmap\arduino_due_x\Release\TFT_HX8357_Due-master\TFT_HX8357_Due.cpp.o
 .rodata._ZL10chr_f32_27
                0x0008f8d8        0xd C:\Users\Heet\AppData\Local\Temp\VMBuilds\Flash_Bitmap\arduino_due_x\Release\TFT_HX8357_Due-master\TFT_HX8357_Due.cpp.o
 .rodata._ZL10chr_f32_28
                0x0008f8e5       0x31 C:\Users\Heet\AppData\Local\Temp\VMBuilds\Flash_Bitmap\arduino_due_x\Release\TFT_HX8357_Due-master\TFT_HX8357_Due.cpp.o
 .rodata._ZL10chr_f32_29
                0x0008f916       0x31 C:\Users\Heet\AppData\Local\Temp\VMBuilds\Flash_Bitmap\arduino_due_x\Release\TFT_HX8357_Due-master\TFT_HX8357_Due.cpp.o
 .rodata._ZL10chr_f32_77
                0x0008f947       0x5a C:\Users\Heet\AppData\Local\Temp\VMBuilds\Flash_Bitmap\arduino_due_x\Release\TFT_HX8357_Due-master\TFT_HX8357_Due.cpp.o
 .rodata._ZL10chr_f16_41
                0x0008f9a1       0x10 C:\Users\Heet\AppData\Local\Temp\VMBuilds\Flash_Bitmap\arduino_due_x\Release\TFT_HX8357_Due-master\TFT_HX8357_Due.cpp.o
 .rodata._ZL10chr_f32_2A
                0x0008f9b1       0x20 C:\Users\Heet\AppData\Local\Temp\VMBuilds\Flash_Bitmap\arduino_due_x\Release\TFT_HX8357_Due-master\TFT_HX8357_Due.cpp.o
 .rodata._ZL10chr_f32_2B
                0x0008f9d1       0x11 C:\Users\Heet\AppData\Local\Temp\VMBuilds\Flash_Bitmap\arduino_due_x\Release\TFT_HX8357_Due-master\TFT_HX8357_Due.cpp.o
 .rodata._ZL10chr_f32_2C
                0x0008f9e2        0xf C:\Users\Heet\AppData\Local\Temp\VMBuilds\Flash_Bitmap\arduino_due_x\Release\TFT_HX8357_Due-master\TFT_HX8357_Due.cpp.o
 .rodata._ZL10chr_f32_2D
                0x0008f9f1        0x5 C:\Users\Heet\AppData\Local\Temp\VMBuilds\Flash_Bitmap\arduino_due_x\Release\TFT_HX8357_Due-master\TFT_HX8357_Due.cpp.o
 .rodata._ZL10chr_f32_2E
                0x0008f9f6        0x7 C:\Users\Heet\AppData\Local\Temp\VMBuilds\Flash_Bitmap\arduino_due_x\Release\TFT_HX8357_Due-master\TFT_HX8357_Due.cpp.o
 .rodata._ZL10chr_f32_2F
                0x0008f9fd       0x29 C:\Users\Heet\AppData\Local\Temp\VMBuilds\Flash_Bitmap\arduino_due_x\Release\TFT_HX8357_Due-master\TFT_HX8357_Due.cpp.o
 .rodata._ZL10chr_f16_50
                0x0008fa26       0x10 C:\Users\Heet\AppData\Local\Temp\VMBuilds\Flash_Bitmap\arduino_due_x\Release\TFT_HX8357_Due-master\TFT_HX8357_Due.cpp.o
 .rodata._ZL10chr_f16_51
                0x0008fa36       0x10 C:\Users\Heet\AppData\Local\Temp\VMBuilds\Flash_Bitmap\arduino_due_x\Release\TFT_HX8357_Due-master\TFT_HX8357_Due.cpp.o
 .rodata._ZL10chr_f16_52
                0x0008fa46       0x10 C:\Users\Heet\AppData\Local\Temp\VMBuilds\Flash_Bitmap\arduino_due_x\Release\TFT_HX8357_Due-master\TFT_HX8357_Due.cpp.o
 .rodata._ZL10chr_f16_54
                0x0008fa56       0x10 C:\Users\Heet\AppData\Local\Temp\VMBuilds\Flash_Bitmap\arduino_due_x\Release\TFT_HX8357_Due-master\TFT_HX8357_Due.cpp.o
 .rodata._ZL10chr_f16_55
                0x0008fa66       0x10 C:\Users\Heet\AppData\Local\Temp\VMBuilds\Flash_Bitmap\arduino_due_x\Release\TFT_HX8357_Due-master\TFT_HX8357_Due.cpp.o
 .rodata._ZL10chr_f16_5A
                0x0008fa76       0x10 C:\Users\Heet\AppData\Local\Temp\VMBuilds\Flash_Bitmap\arduino_due_x\Release\TFT_HX8357_Due-master\TFT_HX8357_Due.cpp.o
 .rodata._ZL10chr_f32_30
                0x0008fa86       0x3d C:\Users\Heet\AppData\Local\Temp\VMBuilds\Flash_Bitmap\arduino_due_x\Release\TFT_HX8357_Due-master\TFT_HX8357_Due.cpp.o
 .rodata._ZL10chr_f32_31
                0x0008fac3       0x23 C:\Users\Heet\AppData\Local\Temp\VMBuilds\Flash_Bitmap\arduino_due_x\Release\TFT_HX8357_Due-master\TFT_HX8357_Due.cpp.o
 .rodata._ZL10chr_f32_32
                0x0008fae6       0x2b C:\Users\Heet\AppData\Local\Temp\VMBuilds\Flash_Bitmap\arduino_due_x\Release\TFT_HX8357_Due-master\TFT_HX8357_Due.cpp.o
 .rodata._ZL10chr_f32_33
                0x0008fb11       0x31 C:\Users\Heet\AppData\Local\Temp\VMBuilds\Flash_Bitmap\arduino_due_x\Release\TFT_HX8357_Due-master\TFT_HX8357_Due.cpp.o
 .rodata._ZL10chr_f32_34
                0x0008fb42       0x31 C:\Users\Heet\AppData\Local\Temp\VMBuilds\Flash_Bitmap\arduino_due_x\Release\TFT_HX8357_Due-master\TFT_HX8357_Due.cpp.o
 .rodata._ZL10chr_f32_35
                0x0008fb73       0x2f C:\Users\Heet\AppData\Local\Temp\VMBuilds\Flash_Bitmap\arduino_due_x\Release\TFT_HX8357_Due-master\TFT_HX8357_Due.cpp.o
 .rodata.widtbl_f7s
                0x0008fba2       0x60 C:\Users\Heet\AppData\Local\Temp\VMBuilds\Flash_Bitmap\arduino_due_x\Release\TFT_HX8357_Due-master\TFT_HX8357_Due.cpp.o
 .rodata._ZL10chr_f32_38
                0x0008fc02       0x39 C:\Users\Heet\AppData\Local\Temp\VMBuilds\Flash_Bitmap\arduino_due_x\Release\TFT_HX8357_Due-master\TFT_HX8357_Due.cpp.o
 .rodata._ZL10chr_f32_39
                0x0008fc3b       0x39 C:\Users\Heet\AppData\Local\Temp\VMBuilds\Flash_Bitmap\arduino_due_x\Release\TFT_HX8357_Due-master\TFT_HX8357_Due.cpp.o
 .rodata.widtbl_f72
                0x0008fc74       0x60 C:\Users\Heet\AppData\Local\Temp\VMBuilds\Flash_Bitmap\arduino_due_x\Release\TFT_HX8357_Due-master\TFT_HX8357_Due.cpp.o
 .rodata._ZL10chr_f32_3A
                0x0008fcd4        0xd C:\Users\Heet\AppData\Local\Temp\VMBuilds\Flash_Bitmap\arduino_due_x\Release\TFT_HX8357_Due-master\TFT_HX8357_Due.cpp.o
 .rodata._ZL10chr_f32_3B
                0x0008fce1       0x15 C:\Users\Heet\AppData\Local\Temp\VMBuilds\Flash_Bitmap\arduino_due_x\Release\TFT_HX8357_Due-master\TFT_HX8357_Due.cpp.o
 .rodata._ZL10chr_f32_3C
                0x0008fcf6       0x14 C:\Users\Heet\AppData\Local\Temp\VMBuilds\Flash_Bitmap\arduino_due_x\Release\TFT_HX8357_Due-master\TFT_HX8357_Due.cpp.o
 .rodata._ZL10chr_f32_3D
                0x0008fd0a        0x9 C:\Users\Heet\AppData\Local\Temp\VMBuilds\Flash_Bitmap\arduino_due_x\Release\TFT_HX8357_Due-master\TFT_HX8357_Due.cpp.o
 .rodata._ZL10chr_f32_3E
                0x0008fd13       0x14 C:\Users\Heet\AppData\Local\Temp\VMBuilds\Flash_Bitmap\arduino_due_x\Release\TFT_HX8357_Due-master\TFT_HX8357_Due.cpp.o
 .rodata._ZL10chr_f32_3F
                0x0008fd27       0x29 C:\Users\Heet\AppData\Local\Temp\VMBuilds\Flash_Bitmap\arduino_due_x\Release\TFT_HX8357_Due-master\TFT_HX8357_Due.cpp.o
 .rodata._ZL10chr_f64_61
                0x0008fd50       0x60 C:\Users\Heet\AppData\Local\Temp\VMBuilds\Flash_Bitmap\arduino_due_x\Release\TFT_HX8357_Due-master\TFT_HX8357_Due.cpp.o
 .rodata._ZL10chr_f16_21
                0x0008fdb0       0x10 C:\Users\Heet\AppData\Local\Temp\VMBuilds\Flash_Bitmap\arduino_due_x\Release\TFT_HX8357_Due-master\TFT_HX8357_Due.cpp.o
 .rodata._ZL10chr_f16_42
                0x0008fdc0       0x10 C:\Users\Heet\AppData\Local\Temp\VMBuilds\Flash_Bitmap\arduino_due_x\Release\TFT_HX8357_Due-master\TFT_HX8357_Due.cpp.o
 .rodata._ZL10chr_f16_20
                0x0008fdd0       0x10 C:\Users\Heet\AppData\Local\Temp\VMBuilds\Flash_Bitmap\arduino_due_x\Release\TFT_HX8357_Due-master\TFT_HX8357_Due.cpp.o
 .rodata._ZL10chr_f64_6D
                0x0008fde0       0xa7 C:\Users\Heet\AppData\Local\Temp\VMBuilds\Flash_Bitmap\arduino_due_x\Release\TFT_HX8357_Due-master\TFT_HX8357_Due.cpp.o
 .rodata.widtbl_f16
                0x0008fe87       0x60 C:\Users\Heet\AppData\Local\Temp\VMBuilds\Flash_Bitmap\arduino_due_x\Release\TFT_HX8357_Due-master\TFT_HX8357_Due.cpp.o
 .rodata._ZL10chr_f16_22
                0x0008fee7       0x10 C:\Users\Heet\AppData\Local\Temp\VMBuilds\Flash_Bitmap\arduino_due_x\Release\TFT_HX8357_Due-master\TFT_HX8357_Due.cpp.o
 .rodata._ZL10chr_f32_40
                0x0008fef7       0x77 C:\Users\Heet\AppData\Local\Temp\VMBuilds\Flash_Bitmap\arduino_due_x\Release\TFT_HX8357_Due-master\TFT_HX8357_Due.cpp.o
 .rodata._ZL10chr_f32_41
                0x0008ff6e       0x3f C:\Users\Heet\AppData\Local\Temp\VMBuilds\Flash_Bitmap\arduino_due_x\Release\TFT_HX8357_Due-master\TFT_HX8357_Due.cpp.o
 .rodata._ZL10chr_f32_42
                0x0008ffad       0x3d C:\Users\Heet\AppData\Local\Temp\VMBuilds\Flash_Bitmap\arduino_due_x\Release\TFT_HX8357_Due-master\TFT_HX8357_Due.cpp.o
 .rodata._ZL10chr_f32_43
                0x0008ffea       0x38 C:\Users\Heet\AppData\Local\Temp\VMBuilds\Flash_Bitmap\arduino_due_x\Release\TFT_HX8357_Due-master\TFT_HX8357_Due.cpp.o
 .rodata._ZL10chr_f32_44
                0x00090022       0x42 C:\Users\Heet\AppData\Local\Temp\VMBuilds\Flash_Bitmap\arduino_due_x\Release\TFT_HX8357_Due-master\TFT_HX8357_Due.cpp.o
 .rodata._ZL10chr_f32_45
                0x00090064       0x25 C:\Users\Heet\AppData\Local\Temp\VMBuilds\Flash_Bitmap\arduino_due_x\Release\TFT_HX8357_Due-master\TFT_HX8357_Due.cpp.o
 .rodata._ZL10chr_f32_46
                0x00090089       0x25 C:\Users\Heet\AppData\Local\Temp\VMBuilds\Flash_Bitmap\arduino_due_x\Release\TFT_HX8357_Due-master\TFT_HX8357_Due.cpp.o
 .rodata._ZL10chr_f32_47
                0x000900ae       0x40 C:\Users\Heet\AppData\Local\Temp\VMBuilds\Flash_Bitmap\arduino_due_x\Release\TFT_HX8357_Due-master\TFT_HX8357_Due.cpp.o
 .rodata._ZL10chr_f32_48
                0x000900ee       0x45 C:\Users\Heet\AppData\Local\Temp\VMBuilds\Flash_Bitmap\arduino_due_x\Release\TFT_HX8357_Due-master\TFT_HX8357_Due.cpp.o
 .rodata._ZL10chr_f32_49
                0x00090133       0x25 C:\Users\Heet\AppData\Local\Temp\VMBuilds\Flash_Bitmap\arduino_due_x\Release\TFT_HX8357_Due-master\TFT_HX8357_Due.cpp.o
 .rodata._ZL10chr_f32_4A
                0x00090158       0x2d C:\Users\Heet\AppData\Local\Temp\VMBuilds\Flash_Bitmap\arduino_due_x\Release\TFT_HX8357_Due-master\TFT_HX8357_Due.cpp.o
 .rodata._ZL10chr_f32_4B
                0x00090185       0x47 C:\Users\Heet\AppData\Local\Temp\VMBuilds\Flash_Bitmap\arduino_due_x\Release\TFT_HX8357_Due-master\TFT_HX8357_Due.cpp.o
 .rodata._ZL10chr_f32_4C
                0x000901cc       0x25 C:\Users\Heet\AppData\Local\Temp\VMBuilds\Flash_Bitmap\arduino_due_x\Release\TFT_HX8357_Due-master\TFT_HX8357_Due.cpp.o
 .rodata._ZL10chr_f32_4D
                0x000901f1       0x7c C:\Users\Heet\AppData\Local\Temp\VMBuilds\Flash_Bitmap\arduino_due_x\Release\TFT_HX8357_Due-master\TFT_HX8357_Due.cpp.o
 .rodata._ZL10chr_f32_4E
                0x0009026d       0x5d C:\Users\Heet\AppData\Local\Temp\VMBuilds\Flash_Bitmap\arduino_due_x\Release\TFT_HX8357_Due-master\TFT_HX8357_Due.cpp.o
 .rodata._ZL10chr_f32_4F
                0x000902ca       0x42 C:\Users\Heet\AppData\Local\Temp\VMBuilds\Flash_Bitmap\arduino_due_x\Release\TFT_HX8357_Due-master\TFT_HX8357_Due.cpp.o
 .rodata._ZL10chr_f16_23
                0x0009030c       0x10 C:\Users\Heet\AppData\Local\Temp\VMBuilds\Flash_Bitmap\arduino_due_x\Release\TFT_HX8357_Due-master\TFT_HX8357_Due.cpp.o
 .rodata._ZL10chr_f16_24
                0x0009031c       0x10 C:\Users\Heet\AppData\Local\Temp\VMBuilds\Flash_Bitmap\arduino_due_x\Release\TFT_HX8357_Due-master\TFT_HX8357_Due.cpp.o
 .rodata._ZL10chr_f16_25
                0x0009032c       0x10 C:\Users\Heet\AppData\Local\Temp\VMBuilds\Flash_Bitmap\arduino_due_x\Release\TFT_HX8357_Due-master\TFT_HX8357_Due.cpp.o
 .rodata._ZL10chr_f16_26
                0x0009033c       0x10 C:\Users\Heet\AppData\Local\Temp\VMBuilds\Flash_Bitmap\arduino_due_x\Release\TFT_HX8357_Due-master\TFT_HX8357_Due.cpp.o
 .rodata._ZL10chr_f16_27
                0x0009034c       0x10 C:\Users\Heet\AppData\Local\Temp\VMBuilds\Flash_Bitmap\arduino_due_x\Release\TFT_HX8357_Due-master\TFT_HX8357_Due.cpp.o
 .rodata._ZL10chr_f16_28
                0x0009035c       0x10 C:\Users\Heet\AppData\Local\Temp\VMBuilds\Flash_Bitmap\arduino_due_x\Release\TFT_HX8357_Due-master\TFT_HX8357_Due.cpp.o
 .rodata._ZL10chr_f16_29
                0x0009036c       0x10 C:\Users\Heet\AppData\Local\Temp\VMBuilds\Flash_Bitmap\arduino_due_x\Release\TFT_HX8357_Due-master\TFT_HX8357_Due.cpp.o
 .rodata._ZL10chr_f64_70
                0x0009037c       0x85 C:\Users\Heet\AppData\Local\Temp\VMBuilds\Flash_Bitmap\arduino_due_x\Release\TFT_HX8357_Due-master\TFT_HX8357_Due.cpp.o
 *fill*         0x00090401        0x3 
 .rodata.chrtbl_f64
                0x00090404      0x180 C:\Users\Heet\AppData\Local\Temp\VMBuilds\Flash_Bitmap\arduino_due_x\Release\TFT_HX8357_Due-master\TFT_HX8357_Due.cpp.o
 .rodata._ZL10chr_f16_2A
                0x00090584       0x10 C:\Users\Heet\AppData\Local\Temp\VMBuilds\Flash_Bitmap\arduino_due_x\Release\TFT_HX8357_Due-master\TFT_HX8357_Due.cpp.o
 .rodata._ZL10chr_f16_2B
                0x00090594       0x10 C:\Users\Heet\AppData\Local\Temp\VMBuilds\Flash_Bitmap\arduino_due_x\Release\TFT_HX8357_Due-master\TFT_HX8357_Due.cpp.o
 .rodata._ZL10chr_f16_2C
                0x000905a4       0x10 C:\Users\Heet\AppData\Local\Temp\VMBuilds\Flash_Bitmap\arduino_due_x\Release\TFT_HX8357_Due-master\TFT_HX8357_Due.cpp.o
 .rodata._ZL10chr_f16_2D
                0x000905b4       0x10 C:\Users\Heet\AppData\Local\Temp\VMBuilds\Flash_Bitmap\arduino_due_x\Release\TFT_HX8357_Due-master\TFT_HX8357_Due.cpp.o
 .rodata._ZL10chr_f16_2E
                0x000905c4       0x10 C:\Users\Heet\AppData\Local\Temp\VMBuilds\Flash_Bitmap\arduino_due_x\Release\TFT_HX8357_Due-master\TFT_HX8357_Due.cpp.o
 .rodata._ZL10chr_f32_70
                0x000905d4       0x3f C:\Users\Heet\AppData\Local\Temp\VMBuilds\Flash_Bitmap\arduino_due_x\Release\TFT_HX8357_Due-master\TFT_HX8357_Due.cpp.o
 .rodata._ZL10chr_f32_71
                0x00090613       0x3f C:\Users\Heet\AppData\Local\Temp\VMBuilds\Flash_Bitmap\arduino_due_x\Release\TFT_HX8357_Due-master\TFT_HX8357_Due.cpp.o
 .rodata._ZL10chr_f16_2F
                0x00090652       0x10 C:\Users\Heet\AppData\Local\Temp\VMBuilds\Flash_Bitmap\arduino_due_x\Release\TFT_HX8357_Due-master\TFT_HX8357_Due.cpp.o
 .rodata._ZL10chr_f32_72
                0x00090662       0x1d C:\Users\Heet\AppData\Local\Temp\VMBuilds\Flash_Bitmap\arduino_due_x\Release\TFT_HX8357_Due-master\TFT_HX8357_Due.cpp.o
 .rodata._ZL10chr_f32_73
                0x0009067f       0x23 C:\Users\Heet\AppData\Local\Temp\VMBuilds\Flash_Bitmap\arduino_due_x\Release\TFT_HX8357_Due-master\TFT_HX8357_Due.cpp.o
 .rodata._ZL10chr_f32_74
                0x000906a2       0x23 C:\Users\Heet\AppData\Local\Temp\VMBuilds\Flash_Bitmap\arduino_due_x\Release\TFT_HX8357_Due-master\TFT_HX8357_Due.cpp.o
 .rodata._ZL10chr_f32_50
                0x000906c5       0x31 C:\Users\Heet\AppData\Local\Temp\VMBuilds\Flash_Bitmap\arduino_due_x\Release\TFT_HX8357_Due-master\TFT_HX8357_Due.cpp.o
 .rodata._ZL10chr_f32_51
                0x000906f6       0x49 C:\Users\Heet\AppData\Local\Temp\VMBuilds\Flash_Bitmap\arduino_due_x\Release\TFT_HX8357_Due-master\TFT_HX8357_Due.cpp.o
 .rodata._ZL10chr_f32_52
                0x0009073f       0x41 C:\Users\Heet\AppData\Local\Temp\VMBuilds\Flash_Bitmap\arduino_due_x\Release\TFT_HX8357_Due-master\TFT_HX8357_Due.cpp.o
 .rodata._ZL10chr_f32_53
                0x00090780       0x35 C:\Users\Heet\AppData\Local\Temp\VMBuilds\Flash_Bitmap\arduino_due_x\Release\TFT_HX8357_Due-master\TFT_HX8357_Due.cpp.o
 .rodata._ZL10chr_f32_54
                0x000907b5       0x23 C:\Users\Heet\AppData\Local\Temp\VMBuilds\Flash_Bitmap\arduino_due_x\Release\TFT_HX8357_Due-master\TFT_HX8357_Due.cpp.o
 .rodata._ZL10chr_f32_55
                0x000907d8       0x46 C:\Users\Heet\AppData\Local\Temp\VMBuilds\Flash_Bitmap\arduino_due_x\Release\TFT_HX8357_Due-master\TFT_HX8357_Due.cpp.o
 .rodata._ZL10chr_f32_56
                0x0009081e       0x43 C:\Users\Heet\AppData\Local\Temp\VMBuilds\Flash_Bitmap\arduino_due_x\Release\TFT_HX8357_Due-master\TFT_HX8357_Due.cpp.o
 .rodata._ZL10chr_f32_57
                0x00090861       0x80 C:\Users\Heet\AppData\Local\Temp\VMBuilds\Flash_Bitmap\arduino_due_x\Release\TFT_HX8357_Due-master\TFT_HX8357_Due.cpp.o
 .rodata._ZL10chr_f32_58
                0x000908e1       0x43 C:\Users\Heet\AppData\Local\Temp\VMBuilds\Flash_Bitmap\arduino_due_x\Release\TFT_HX8357_Due-master\TFT_HX8357_Due.cpp.o
 .rodata._ZL10chr_f32_59
                0x00090924       0x35 C:\Users\Heet\AppData\Local\Temp\VMBuilds\Flash_Bitmap\arduino_due_x\Release\TFT_HX8357_Due-master\TFT_HX8357_Due.cpp.o
 .rodata._ZL10chr_f32_5A
                0x00090959       0x25 C:\Users\Heet\AppData\Local\Temp\VMBuilds\Flash_Bitmap\arduino_due_x\Release\TFT_HX8357_Due-master\TFT_HX8357_Due.cpp.o
 .rodata._ZL10chr_f32_5B
                0x0009097e       0x2f C:\Users\Heet\AppData\Local\Temp\VMBuilds\Flash_Bitmap\arduino_due_x\Release\TFT_HX8357_Due-master\TFT_HX8357_Due.cpp.o
 .rodata._ZL10chr_f32_5C
                0x000909ad       0x33 C:\Users\Heet\AppData\Local\Temp\VMBuilds\Flash_Bitmap\arduino_due_x\Release\TFT_HX8357_Due-master\TFT_HX8357_Due.cpp.o
 .rodata._ZL10chr_f32_5D
                0x000909e0       0x2f C:\Users\Heet\AppData\Local\Temp\VMBuilds\Flash_Bitmap\arduino_due_x\Release\TFT_HX8357_Due-master\TFT_HX8357_Due.cpp.o
 .rodata._ZL10chr_f32_5E
                0x00090a0f       0x14 C:\Users\Heet\AppData\Local\Temp\VMBuilds\Flash_Bitmap\arduino_due_x\Release\TFT_HX8357_Due-master\TFT_HX8357_Due.cpp.o
 .rodata._ZL10chr_f32_5F
                0x00090a23        0x5 C:\Users\Heet\AppData\Local\Temp\VMBuilds\Flash_Bitmap\arduino_due_x\Release\TFT_HX8357_Due-master\TFT_HX8357_Due.cpp.o
 .rodata._ZL10chr_f16_33
                0x00090a28       0x10 C:\Users\Heet\AppData\Local\Temp\VMBuilds\Flash_Bitmap\arduino_due_x\Release\TFT_HX8357_Due-master\TFT_HX8357_Due.cpp.o
 .rodata._ZL10chr_f16_34
                0x00090a38       0x10 C:\Users\Heet\AppData\Local\Temp\VMBuilds\Flash_Bitmap\arduino_due_x\Release\TFT_HX8357_Due-master\TFT_HX8357_Due.cpp.o
 .rodata._ZL10chr_f16_35
                0x00090a48       0x10 C:\Users\Heet\AppData\Local\Temp\VMBuilds\Flash_Bitmap\arduino_due_x\Release\TFT_HX8357_Due-master\TFT_HX8357_Due.cpp.o
 .rodata._ZL10chr_f16_36
                0x00090a58       0x10 C:\Users\Heet\AppData\Local\Temp\VMBuilds\Flash_Bitmap\arduino_due_x\Release\TFT_HX8357_Due-master\TFT_HX8357_Due.cpp.o
 .rodata._ZL10chr_f16_37
                0x00090a68       0x10 C:\Users\Heet\AppData\Local\Temp\VMBuilds\Flash_Bitmap\arduino_due_x\Release\TFT_HX8357_Due-master\TFT_HX8357_Due.cpp.o
 .rodata._ZL10chr_f16_38
                0x00090a78       0x10 C:\Users\Heet\AppData\Local\Temp\VMBuilds\Flash_Bitmap\arduino_due_x\Release\TFT_HX8357_Due-master\TFT_HX8357_Due.cpp.o
 .rodata._ZL10chr_f16_39
                0x00090a88       0x10 C:\Users\Heet\AppData\Local\Temp\VMBuilds\Flash_Bitmap\arduino_due_x\Release\TFT_HX8357_Due-master\TFT_HX8357_Due.cpp.o
 .rodata.chrtbl_f72
                0x00090a98      0x180 C:\Users\Heet\AppData\Local\Temp\VMBuilds\Flash_Bitmap\arduino_due_x\Release\TFT_HX8357_Due-master\TFT_HX8357_Due.cpp.o
 .rodata._ZL10chr_f16_3A
                0x00090c18       0x10 C:\Users\Heet\AppData\Local\Temp\VMBuilds\Flash_Bitmap\arduino_due_x\Release\TFT_HX8357_Due-master\TFT_HX8357_Due.cpp.o
 .rodata._ZL10chr_f16_3B
                0x00090c28       0x10 C:\Users\Heet\AppData\Local\Temp\VMBuilds\Flash_Bitmap\arduino_due_x\Release\TFT_HX8357_Due-master\TFT_HX8357_Due.cpp.o
 .rodata._ZL10chr_f16_3C
                0x00090c38       0x10 C:\Users\Heet\AppData\Local\Temp\VMBuilds\Flash_Bitmap\arduino_due_x\Release\TFT_HX8357_Due-master\TFT_HX8357_Due.cpp.o
 .rodata._ZL10chr_f16_3D
                0x00090c48       0x10 C:\Users\Heet\AppData\Local\Temp\VMBuilds\Flash_Bitmap\arduino_due_x\Release\TFT_HX8357_Due-master\TFT_HX8357_Due.cpp.o
 .rodata._ZL10chr_f16_3E
                0x00090c58       0x10 C:\Users\Heet\AppData\Local\Temp\VMBuilds\Flash_Bitmap\arduino_due_x\Release\TFT_HX8357_Due-master\TFT_HX8357_Due.cpp.o
 .rodata._ZL10chr_f16_3F
                0x00090c68       0x10 C:\Users\Heet\AppData\Local\Temp\VMBuilds\Flash_Bitmap\arduino_due_x\Release\TFT_HX8357_Due-master\TFT_HX8357_Due.cpp.o
 .rodata.widtbl_f32
                0x00090c78       0x60 C:\Users\Heet\AppData\Local\Temp\VMBuilds\Flash_Bitmap\arduino_due_x\Release\TFT_HX8357_Due-master\TFT_HX8357_Due.cpp.o
 .rodata._ZL10chr_f7s_30
                0x00090cd8       0xa9 C:\Users\Heet\AppData\Local\Temp\VMBuilds\Flash_Bitmap\arduino_due_x\Release\TFT_HX8357_Due-master\TFT_HX8357_Due.cpp.o
 .rodata._ZL10chr_f7s_31
                0x00090d81       0x4d C:\Users\Heet\AppData\Local\Temp\VMBuilds\Flash_Bitmap\arduino_due_x\Release\TFT_HX8357_Due-master\TFT_HX8357_Due.cpp.o
 .rodata._ZL10chr_f7s_32
                0x00090dce       0x6b C:\Users\Heet\AppData\Local\Temp\VMBuilds\Flash_Bitmap\arduino_due_x\Release\TFT_HX8357_Due-master\TFT_HX8357_Due.cpp.o
 .rodata._ZL10chr_f7s_33
                0x00090e39       0x69 C:\Users\Heet\AppData\Local\Temp\VMBuilds\Flash_Bitmap\arduino_due_x\Release\TFT_HX8357_Due-master\TFT_HX8357_Due.cpp.o
 .rodata._ZL10chr_f7s_34
                0x00090ea2       0x7b C:\Users\Heet\AppData\Local\Temp\VMBuilds\Flash_Bitmap\arduino_due_x\Release\TFT_HX8357_Due-master\TFT_HX8357_Due.cpp.o
 .rodata._ZL10chr_f7s_35
                0x00090f1d       0x67 C:\Users\Heet\AppData\Local\Temp\VMBuilds\Flash_Bitmap\arduino_due_x\Release\TFT_HX8357_Due-master\TFT_HX8357_Due.cpp.o
 .rodata._ZL10chr_f7s_36
                0x00090f84       0x8d C:\Users\Heet\AppData\Local\Temp\VMBuilds\Flash_Bitmap\arduino_due_x\Release\TFT_HX8357_Due-master\TFT_HX8357_Due.cpp.o
 .rodata._ZL10chr_f7s_37
                0x00091011       0x56 C:\Users\Heet\AppData\Local\Temp\VMBuilds\Flash_Bitmap\arduino_due_x\Release\TFT_HX8357_Due-master\TFT_HX8357_Due.cpp.o
 .rodata._ZL10chr_f7s_38
                0x00091067       0xb3 C:\Users\Heet\AppData\Local\Temp\VMBuilds\Flash_Bitmap\arduino_due_x\Release\TFT_HX8357_Due-master\TFT_HX8357_Due.cpp.o
 .rodata._ZL10chr_f7s_39
                0x0009111a       0x8d C:\Users\Heet\AppData\Local\Temp\VMBuilds\Flash_Bitmap\arduino_due_x\Release\TFT_HX8357_Due-master\TFT_HX8357_Due.cpp.o
 .rodata._ZL10chr_f72_20
                0x000911a7       0x11 C:\Users\Heet\AppData\Local\Temp\VMBuilds\Flash_Bitmap\arduino_due_x\Release\TFT_HX8357_Due-master\TFT_HX8357_Due.cpp.o
 .rodata._ZL10chr_f64_3A
                0x000911b8       0x18 C:\Users\Heet\AppData\Local\Temp\VMBuilds\Flash_Bitmap\arduino_due_x\Release\TFT_HX8357_Due-master\TFT_HX8357_Due.cpp.o
 .rodata._ZL10chr_f32_60
                0x000911d0       0x1a C:\Users\Heet\AppData\Local\Temp\VMBuilds\Flash_Bitmap\arduino_due_x\Release\TFT_HX8357_Due-master\TFT_HX8357_Due.cpp.o
 .rodata._ZL10chr_f32_61